Component: ARM Compiler 5.06 update 7 (build 960) Tool: armlink [4d3601]

==============================================================================

Section Cross References

    startup_stm32f103x6.o(RESET) refers to startup_stm32f103x6.o(STACK) for __initial_sp
    startup_stm32f103x6.o(RESET) refers to startup_stm32f103x6.o(.text) for Reset_Handler
    startup_stm32f103x6.o(RESET) refers to stm32f1xx_it.o(i.NMI_Handler) for NMI_Handler
    startup_stm32f103x6.o(RESET) refers to stm32f1xx_it.o(i.HardFault_Handler) for HardFault_Handler
    startup_stm32f103x6.o(RESET) refers to stm32f1xx_it.o(i.MemManage_Handler) for MemManage_Handler
    startup_stm32f103x6.o(RESET) refers to stm32f1xx_it.o(i.BusFault_Handler) for BusFault_Handler
    startup_stm32f103x6.o(RESET) refers to stm32f1xx_it.o(i.UsageFault_Handler) for UsageFault_Handler
    startup_stm32f103x6.o(RESET) refers to stm32f1xx_it.o(i.SVC_Handler) for SVC_Handler
    startup_stm32f103x6.o(RESET) refers to stm32f1xx_it.o(i.DebugMon_Handler) for DebugMon_Handler
    startup_stm32f103x6.o(RESET) refers to stm32f1xx_it.o(i.PendSV_Handler) for PendSV_Handler
    startup_stm32f103x6.o(RESET) refers to stm32f1xx_it.o(i.SysTick_Handler) for SysTick_Handler
    startup_stm32f103x6.o(RESET) refers to stm32f1xx_it.o(i.TIM1_UP_IRQHandler) for TIM1_UP_IRQHandler
    startup_stm32f103x6.o(RESET) refers to stm32f1xx_it.o(i.TIM3_IRQHandler) for TIM3_IRQHandler
    startup_stm32f103x6.o(.text) refers to system_stm32f1xx.o(i.SystemInit) for SystemInit
    startup_stm32f103x6.o(.text) refers to entry.o(.ARM.Collect$$$$00000000) for __main
    main.o(i.HAL_TIM_PeriodElapsedCallback) refers to stm32f1xx_hal.o(i.HAL_IncTick) for HAL_IncTick
    main.o(i.SystemClock_Config) refers to memseta.o(.text) for __aeabi_memclr4
    main.o(i.SystemClock_Config) refers to stm32f1xx_hal_rcc.o(i.HAL_RCC_OscConfig) for HAL_RCC_OscConfig
    main.o(i.SystemClock_Config) refers to stm32f1xx_hal_rcc.o(i.HAL_RCC_ClockConfig) for HAL_RCC_ClockConfig
    main.o(i.fgetc) refers to stm32f1xx_hal_uart.o(i.HAL_UART_Receive) for HAL_UART_Receive
    main.o(i.fgetc) refers to usart.o(.bss) for huart1
    main.o(i.fputc) refers to stm32f1xx_hal_uart.o(i.HAL_UART_Transmit) for HAL_UART_Transmit
    main.o(i.fputc) refers to usart.o(.bss) for huart1
    main.o(i.main) refers to stm32f1xx_hal.o(i.HAL_Init) for HAL_Init
    main.o(i.main) refers to main.o(i.SystemClock_Config) for SystemClock_Config
    main.o(i.main) refers to gpio.o(i.MX_GPIO_Init) for MX_GPIO_Init
    main.o(i.main) refers to spi.o(i.MX_SPI1_Init) for MX_SPI1_Init
    main.o(i.main) refers to tim.o(i.MX_TIM1_Init) for MX_TIM1_Init
    main.o(i.main) refers to usart.o(i.MX_USART1_UART_Init) for MX_USART1_UART_Init
    main.o(i.main) refers to stm32f1xx_hal_gpio.o(i.HAL_GPIO_WritePin) for HAL_GPIO_WritePin
    main.o(i.main) refers to my_ad7172.o(i.AD7172ParmInit) for AD7172ParmInit
    main.o(i.main) refers to my_ad7172.o(i.AD7172_Calib) for AD7172_Calib
    main.o(i.main) refers to stm32f1xx_hal.o(i.HAL_Delay) for HAL_Delay
    main.o(i.main) refers to my_ad7172.o(i.AD7172_DebugFunction) for AD7172_DebugFunction
    main.o(i.main) refers to ad717x_frame.o(i.ad717x_set_data_state) for ad717x_set_data_state
    main.o(i.main) refers to my_ad7172.o(i.AD7172Loop) for AD7172Loop
    main.o(i.main) refers to my_ad7172.o(.bss) for gAd7172
    main.o(i.print_binary) refers to printfa.o(i.__0printf) for __2printf
    gpio.o(i.MX_GPIO_Init) refers to stm32f1xx_hal_gpio.o(i.HAL_GPIO_WritePin) for HAL_GPIO_WritePin
    gpio.o(i.MX_GPIO_Init) refers to stm32f1xx_hal_gpio.o(i.HAL_GPIO_Init) for HAL_GPIO_Init
    spi.o(i.HAL_SPI_MspDeInit) refers to stm32f1xx_hal_gpio.o(i.HAL_GPIO_DeInit) for HAL_GPIO_DeInit
    spi.o(i.HAL_SPI_MspInit) refers to stm32f1xx_hal_gpio.o(i.HAL_GPIO_Init) for HAL_GPIO_Init
    spi.o(i.MX_SPI1_Init) refers to stm32f1xx_hal_spi.o(i.HAL_SPI_Init) for HAL_SPI_Init
    spi.o(i.MX_SPI1_Init) refers to main.o(i.Error_Handler) for Error_Handler
    spi.o(i.MX_SPI1_Init) refers to spi.o(.bss) for .bss
    tim.o(i.HAL_TIM_Base_MspDeInit) refers to stm32f1xx_hal_cortex.o(i.HAL_NVIC_DisableIRQ) for HAL_NVIC_DisableIRQ
    tim.o(i.HAL_TIM_Base_MspInit) refers to stm32f1xx_hal_cortex.o(i.HAL_NVIC_SetPriority) for HAL_NVIC_SetPriority
    tim.o(i.HAL_TIM_Base_MspInit) refers to stm32f1xx_hal_cortex.o(i.HAL_NVIC_EnableIRQ) for HAL_NVIC_EnableIRQ
    tim.o(i.MX_TIM1_Init) refers to stm32f1xx_hal_tim.o(i.HAL_TIM_Base_Init) for HAL_TIM_Base_Init
    tim.o(i.MX_TIM1_Init) refers to main.o(i.Error_Handler) for Error_Handler
    tim.o(i.MX_TIM1_Init) refers to stm32f1xx_hal_tim.o(i.HAL_TIM_ConfigClockSource) for HAL_TIM_ConfigClockSource
    tim.o(i.MX_TIM1_Init) refers to stm32f1xx_hal_tim_ex.o(i.HAL_TIMEx_MasterConfigSynchronization) for HAL_TIMEx_MasterConfigSynchronization
    tim.o(i.MX_TIM1_Init) refers to tim.o(.bss) for .bss
[...]
    Removing stm32f1xx_hal_tim.o(i.HAL_TIM_OC_MspInit), (2 bytes).
    Removing stm32f1xx_hal_tim.o(i.HAL_TIM_OC_Start), (148 bytes).
    Removing stm32f1xx_hal_tim.o(i.HAL_TIM_OC_Start_DMA), (392 bytes).
    Removing stm32f1xx_hal_tim.o(i.HAL_TIM_OC_Start_IT), (192 bytes).
    Removing stm32f1xx_hal_tim.o(i.HAL_TIM_OC_Stop), (112 bytes).
    Removing stm32f1xx_hal_tim.o(i.HAL_TIM_OC_Stop_DMA), (196 bytes).
    Removing stm32f1xx_hal_tim.o(i.HAL_TIM_OC_Stop_IT), (176 bytes).
    Removing stm32f1xx_hal_tim.o(i.HAL_TIM_OnePulse_ConfigChannel), (230 bytes).
    Removing stm32f1xx_hal_tim.o(i.HAL_TIM_OnePulse_DeInit), (76 bytes).
    Removing stm32f1xx_hal_tim.o(i.HAL_TIM_OnePulse_GetState), (6 bytes).
    Removing stm32f1xx_hal_tim.o(i.HAL_TIM_OnePulse_Init), (86 bytes).
    Removing stm32f1xx_hal_tim.o(i.HAL_TIM_OnePulse_MspDeInit), (2 bytes).
    Removing stm32f1xx_hal_tim.o(i.HAL_TIM_OnePulse_MspInit), (2 bytes).
    Removing stm32f1xx_hal_tim.o(i.HAL_TIM_OnePulse_Start), (104 bytes).
    Removing stm32f1xx_hal_tim.o(i.HAL_TIM_OnePulse_Start_IT), (124 bytes).
    Removing stm32f1xx_hal_tim.o(i.HAL_TIM_OnePulse_Stop), (100 bytes).
    Removing stm32f1xx_hal_tim.o(i.HAL_TIM_OnePulse_Stop_IT), (120 bytes).
    Removing stm32f1xx_hal_tim.o(i.HAL_TIM_PWM_ConfigChannel), (204 bytes).
    Removing stm32f1xx_hal_tim.o(i.HAL_TIM_PWM_DeInit), (92 bytes).
    Removing stm32f1xx_hal_tim.o(i.HAL_TIM_PWM_GetState), (6 bytes).
    Removing stm32f1xx_hal_tim.o(i.HAL_TIM_PWM_Init), (90 bytes).
    Removing stm32f1xx_hal_tim.o(i.HAL_TIM_PWM_MspDeInit), (2 bytes).
    Removing stm32f1xx_hal_tim.o(i.HAL_TIM_PWM_MspInit), (2 bytes).
    Removing stm32f1xx_hal_tim.o(i.HAL_TIM_PWM_PulseFinishedHalfCpltCallback), (2 bytes).
    Removing stm32f1xx_hal_tim.o(i.HAL_TIM_PWM_Start), (148 bytes).
    Removing stm32f1xx_hal_tim.o(i.HAL_TIM_PWM_Start_DMA), (392 bytes).
    Removing stm32f1xx_hal_tim.o(i.HAL_TIM_PWM_Start_IT), (192 bytes).
    Removing stm32f1xx_hal_tim.o(i.HAL_TIM_PWM_Stop), (112 bytes).
    Removing stm32f1xx_hal_tim.o(i.HAL_TIM_PWM_Stop_DMA), (196 bytes).
    Removing stm32f1xx_hal_tim.o(i.HAL_TIM_PWM_Stop_IT), (176 bytes).
    Removing stm32f1xx_hal_tim.o(i.HAL_TIM_PeriodElapsedCallback), (2 bytes).
    Removing stm32f1xx_hal_tim.o(i.HAL_TIM_PeriodElapsedHalfCpltCallback), (2 bytes).
    Removing stm32f1xx_hal_tim.o(i.HAL_TIM_ReadCapturedValue), (42 bytes).
    Removing stm32f1xx_hal_tim.o(i.HAL_TIM_SlaveConfigSynchro), (86 bytes).
    Removing stm32f1xx_hal_tim.o(i.HAL_TIM_SlaveConfigSynchro_IT), (86 bytes).
    Removing stm32f1xx_hal_tim.o(i.HAL_TIM_TriggerHalfCpltCallback), (2 bytes).
    Removing stm32f1xx_hal_tim.o(i.TIM_CCxChannelCmd), (26 bytes).
    Removing stm32f1xx_hal_tim.o(i.TIM_DMACaptureCplt), (110 bytes).
    Removing stm32f1xx_hal_tim.o(i.TIM_DMACaptureHalfCplt), (56 bytes).
    Removing stm32f1xx_hal_tim.o(i.TIM_DMADelayPulseCplt), (94 bytes).
    Removing stm32f1xx_hal_tim.o(i.TIM_DMADelayPulseHalfCplt), (56 bytes).
    Removing stm32f1xx_hal_tim.o(i.TIM_DMAError), (84 bytes).
    Removing stm32f1xx_hal_tim.o(i.TIM_DMAPeriodElapsedCplt), (22 bytes).
    Removing stm32f1xx_hal_tim.o(i.TIM_DMAPeriodElapsedHalfCplt), (10 bytes).
    Removing stm32f1xx_hal_tim.o(i.TIM_DMATriggerCplt), (22 bytes).
    Removing stm32f1xx_hal_tim.o(i.TIM_DMATriggerHalfCplt), (10 bytes).
    Removing stm32f1xx_hal_tim.o(i.TIM_OC1_SetConfig), (80 bytes).
    Removing stm32f1xx_hal_tim.o(i.TIM_OC2_SetConfig), (88 bytes).
    Removing stm32f1xx_hal_tim.o(i.TIM_OC3_SetConfig), (88 bytes).
    Removing stm32f1xx_hal_tim.o(i.TIM_OC4_SetConfig), (68 bytes).
    Removing stm32f1xx_hal_tim.o(i.TIM_SlaveTimer_SetConfig), (140 bytes).
    Removing stm32f1xx_hal_tim.o(i.TIM_TI1_SetConfig), (80 bytes).
    Removing stm32f1xx_hal_tim.o(i.TIM_TI2_SetConfig), (54 bytes).
    Removing stm32f1xx_hal_tim_ex.o(.rev16_text), (4 bytes).
    Removing stm32f1xx_hal_tim_ex.o(.revsh_text), (4 bytes).
    Removing stm32f1xx_hal_tim_ex.o(.rrx_text), (6 bytes).
    Removing stm32f1xx_hal_tim_ex.o(i.HAL_TIMEx_CommutHalfCpltCallback), (2 bytes).
    Removing stm32f1xx_hal_tim_ex.o(i.HAL_TIMEx_ConfigBreakDeadTime), (84 bytes).
    Removing stm32f1xx_hal_tim_ex.o(i.HAL_TIMEx_ConfigCommutEvent), (112 bytes).
    Removing stm32f1xx_hal_tim_ex.o(i.HAL_TIMEx_ConfigCommutEvent_DMA), (144 bytes).
    Removing stm32f1xx_hal_tim_ex.o(i.HAL_TIMEx_ConfigCommutEvent_IT), (112 bytes).
    Removing stm32f1xx_hal_tim_ex.o(i.HAL_TIMEx_GetChannelNState), (34 bytes).
    Removing stm32f1xx_hal_tim_ex.o(i.HAL_TIMEx_HallSensor_DeInit), (76 bytes).
    Removing stm32f1xx_hal_tim_ex.o(i.HAL_TIMEx_HallSensor_GetState), (6 bytes).
    Removing stm32f1xx_hal_tim_ex.o(i.HAL_TIMEx_HallSensor_Init), (208 bytes).
    Removing stm32f1xx_hal_tim_ex.o(i.HAL_TIMEx_HallSensor_MspDeInit), (2 bytes).
    Removing stm32f1xx_hal_tim_ex.o(i.HAL_TIMEx_HallSensor_MspInit), (2 bytes).
    Removing stm32f1xx_hal_tim_ex.o(i.HAL_TIMEx_HallSensor_Start), (120 bytes).
    Removing stm32f1xx_hal_tim_ex.o(i.HAL_TIMEx_HallSensor_Start_DMA), (172 bytes).
    Removing stm32f1xx_hal_tim_ex.o(i.HAL_TIMEx_HallSensor_Start_IT), (128 bytes).
    Removing stm32f1xx_hal_tim_ex.o(i.HAL_TIMEx_HallSensor_Stop), (58 bytes).
    Removing stm32f1xx_hal_tim_ex.o(i.HAL_TIMEx_HallSensor_Stop_DMA), (70 bytes).
    Removing stm32f1xx_hal_tim_ex.o(i.HAL_TIMEx_HallSensor_Stop_IT), (68 bytes).
    Removing stm32f1xx_hal_tim_ex.o(i.HAL_TIMEx_OCN_Start), (144 bytes).
    Removing stm32f1xx_hal_tim_ex.o(i.HAL_TIMEx_OCN_Start_DMA), (340 bytes).
    Removing stm32f1xx_hal_tim_ex.o(i.HAL_TIMEx_OCN_Start_IT), (184 bytes).
    Removing stm32f1xx_hal_tim_ex.o(i.HAL_TIMEx_OCN_Stop), (104 bytes).
    Removing stm32f1xx_hal_tim_ex.o(i.HAL_TIMEx_OCN_Stop_DMA), (168 bytes).
    Removing stm32f1xx_hal_tim_ex.o(i.HAL_TIMEx_OCN_Stop_IT), (170 bytes).
    Removing stm32f1xx_hal_tim_ex.o(i.HAL_TIMEx_OnePulseN_Start), (100 bytes).
    Removing stm32f1xx_hal_tim_ex.o(i.HAL_TIMEx_OnePulseN_Start_IT), (120 bytes).
    Removing stm32f1xx_hal_tim_ex.o(i.HAL_TIMEx_OnePulseN_Stop), (98 bytes).
    Removing stm32f1xx_hal_tim_ex.o(i.HAL_TIMEx_OnePulseN_Stop_IT), (120 bytes).
    Removing stm32f1xx_hal_tim_ex.o(i.HAL_TIMEx_PWMN_Start), (144 bytes).
    Removing stm32f1xx_hal_tim_ex.o(i.HAL_TIMEx_PWMN_Start_DMA), (340 bytes).
    Removing stm32f1xx_hal_tim_ex.o(i.HAL_TIMEx_PWMN_Start_IT), (184 bytes).
    Removing stm32f1xx_hal_tim_ex.o(i.HAL_TIMEx_PWMN_Stop), (104 bytes).
    Removing stm32f1xx_hal_tim_ex.o(i.HAL_TIMEx_PWMN_Stop_DMA), (168 bytes).
    Removing stm32f1xx_hal_tim_ex.o(i.HAL_TIMEx_PWMN_Stop_IT), (170 bytes).
    Removing stm32f1xx_hal_tim_ex.o(i.HAL_TIMEx_RemapConfig), (4 bytes).
    Removing stm32f1xx_hal_tim_ex.o(i.TIMEx_DMACommutationCplt), (16 bytes).
    Removing stm32f1xx_hal_tim_ex.o(i.TIMEx_DMACommutationHalfCplt), (16 bytes).
    Removing stm32f1xx_hal_tim_ex.o(i.TIM_CCxNChannelCmd), (26 bytes).
    Removing stm32f1xx_hal_tim_ex.o(i.TIM_DMADelayPulseNCplt), (94 bytes).
    Removing stm32f1xx_hal_tim_ex.o(i.TIM_DMAErrorCCxN), (62 bytes).
    Removing stm32f1xx_hal_uart.o(.rev16_text), (4 bytes).
    Removing stm32f1xx_hal_uart.o(.revsh_text), (4 bytes).
    Removing stm32f1xx_hal_uart.o(.rrx_text), (6 bytes).
    Removing stm32f1xx_hal_uart.o(i.HAL_HalfDuplex_EnableReceiver), (50 bytes).
    Removing stm32f1xx_hal_uart.o(i.HAL_HalfDuplex_EnableTransmitter), (50 bytes).
    Removing stm32f1xx_hal_uart.o(i.HAL_HalfDuplex_Init), (110 bytes).
    Removing stm32f1xx_hal_uart.o(i.HAL_LIN_Init), (130 bytes).
    Removing stm32f1xx_hal_uart.o(i.HAL_LIN_SendBreak), (60 bytes).
    Removing stm32f1xx_hal_uart.o(i.HAL_MultiProcessor_EnterMuteMode), (62 bytes).
    Removing stm32f1xx_hal_uart.o(i.HAL_MultiProcessor_ExitMuteMode), (62 bytes).
    Removing stm32f1xx_hal_uart.o(i.HAL_MultiProcessor_Init), (144 bytes).
    Removing stm32f1xx_hal_uart.o(i.HAL_UARTEx_GetRxEventType), (4 bytes).
    Removing stm32f1xx_hal_uart.o(i.HAL_UARTEx_ReceiveToIdle), (240 bytes).
    Removing stm32f1xx_hal_uart.o(i.HAL_UARTEx_ReceiveToIdle_DMA), (78 bytes).
    Removing stm32f1xx_hal_uart.o(i.HAL_UARTEx_ReceiveToIdle_IT), (78 bytes).
    Removing stm32f1xx_hal_uart.o(i.HAL_UARTEx_RxEventCallback), (2 bytes).
    Removing stm32f1xx_hal_uart.o(i.HAL_UART_Abort), (210 bytes).
    Removing stm32f1xx_hal_uart.o(i.HAL_UART_AbortCpltCallback), (2 bytes).
    Removing stm32f1xx_hal_uart.o(i.HAL_UART_AbortReceive), (148 bytes).
    Removing stm32f1xx_hal_uart.o(i.HAL_UART_AbortReceiveCpltCallback), (2 bytes).
    Removing stm32f1xx_hal_uart.o(i.HAL_UART_AbortReceive_IT), (152 bytes).
    Removing stm32f1xx_hal_uart.o(i.HAL_UART_AbortTransmit), (98 bytes).
    Removing stm32f1xx_hal_uart.o(i.HAL_UART_AbortTransmitCpltCallback), (2 bytes).
    Removing stm32f1xx_hal_uart.o(i.HAL_UART_AbortTransmit_IT), (104 bytes).
    Removing stm32f1xx_hal_uart.o(i.HAL_UART_Abort_IT), (244 bytes).
    Removing stm32f1xx_hal_uart.o(i.HAL_UART_DMAPause), (120 bytes).
    Removing stm32f1xx_hal_uart.o(i.HAL_UART_DMAResume), (114 bytes).
    Removing stm32f1xx_hal_uart.o(i.HAL_UART_DMAStop), (112 bytes).
    Removing stm32f1xx_hal_uart.o(i.HAL_UART_DeInit), (54 bytes).
    Removing stm32f1xx_hal_uart.o(i.HAL_UART_ErrorCallback), (2 bytes).
    Removing stm32f1xx_hal_uart.o(i.HAL_UART_GetError), (4 bytes).
    Removing stm32f1xx_hal_uart.o(i.HAL_UART_GetState), (10 bytes).
    Removing stm32f1xx_hal_uart.o(i.HAL_UART_IRQHandler), (620 bytes).
    Removing stm32f1xx_hal_uart.o(i.HAL_UART_MspDeInit), (2 bytes).
    Removing stm32f1xx_hal_uart.o(i.HAL_UART_MspInit), (2 bytes).
    Removing stm32f1xx_hal_uart.o(i.HAL_UART_Receive), (172 bytes).
    Removing stm32f1xx_hal_uart.o(i.HAL_UART_Receive_DMA), (28 bytes).
    Removing stm32f1xx_hal_uart.o(i.HAL_UART_Receive_IT), (28 bytes).
    Removing stm32f1xx_hal_uart.o(i.HAL_UART_RxCpltCallback), (2 bytes).
    Removing stm32f1xx_hal_uart.o(i.HAL_UART_RxHalfCpltCallback), (2 bytes).
    Removing stm32f1xx_hal_uart.o(i.HAL_UART_Transmit_DMA), (120 bytes).
    Removing stm32f1xx_hal_uart.o(i.HAL_UART_Transmit_IT), (50 bytes).
    Removing stm32f1xx_hal_uart.o(i.HAL_UART_TxCpltCallback), (2 bytes).
    Removing stm32f1xx_hal_uart.o(i.HAL_UART_TxHalfCpltCallback), (2 bytes).
    Removing stm32f1xx_hal_uart.o(i.UART_DMAAbortOnError), (16 bytes).
    Removing stm32f1xx_hal_uart.o(i.UART_DMAError), (74 bytes).
    Removing stm32f1xx_hal_uart.o(i.UART_DMAReceiveCplt), (134 bytes).
    Removing stm32f1xx_hal_uart.o(i.UART_DMARxAbortCallback), (44 bytes).
    Removing stm32f1xx_hal_uart.o(i.UART_DMARxHalfCplt), (30 bytes).
    Removing stm32f1xx_hal_uart.o(i.UART_DMARxOnlyAbortCallback), (22 bytes).
    Removing stm32f1xx_hal_uart.o(i.UART_DMATransmitCplt), (66 bytes).
    Removing stm32f1xx_hal_uart.o(i.UART_DMATxAbortCallback), (44 bytes).
    Removing stm32f1xx_hal_uart.o(i.UART_DMATxHalfCplt), (10 bytes).
    Removing stm32f1xx_hal_uart.o(i.UART_DMATxOnlyAbortCallback), (20 bytes).
    Removing stm32f1xx_hal_uart.o(i.UART_EndRxTransfer), (78 bytes).
    Removing stm32f1xx_hal_uart.o(i.UART_EndTxTransfer), (28 bytes).
    Removing stm32f1xx_hal_uart.o(i.UART_Receive_IT), (194 bytes).
    Removing stm32f1xx_hal_uart.o(i.UART_Start_Receive_DMA), (144 bytes).
    Removing stm32f1xx_hal_uart.o(i.UART_Start_Receive_IT), (54 bytes).
    Removing system_stm32f1xx.o(.rev16_text), (4 bytes).
    Removing system_stm32f1xx.o(.revsh_text), (4 bytes).
    Removing system_stm32f1xx.o(.rrx_text), (6 bytes).
    Removing system_stm32f1xx.o(i.SystemCoreClockUpdate), (104 bytes).
    Removing ad717x_frame.o(.rev16_text), (4 bytes).
    Removing ad717x_frame.o(.revsh_text), (4 bytes).
    Removing ad717x_frame.o(.rrx_text), (6 bytes).
    Removing ad717x_frame.o(i.AD717X_ComputeDataregSize), (82 bytes).
    Removing ad717x_frame.o(i.AD717X_GetChannelValue), (20 bytes).
    Removing ad717x_frame.o(i.AD717X_ReadData), (60 bytes).
    Removing ad717x_frame.o(i.AD717X_WaitForReady), (58 bytes).
    Removing ad717x_frame.o(i.AD717X_remove), (2 bytes).
    Removing ad717x_frame.o(i.ad717x_single_read), (72 bytes).
    Removing ad7172spi.o(.rev16_text), (4 bytes).
    Removing ad7172spi.o(.revsh_text), (4 bytes).
    Removing ad7172spi.o(.rrx_text), (6 bytes).
    Removing ad7172spi.o(i.SpiRecevice), (40 bytes).
    Removing ad7172spi.o(i.SpiTransfer), (40 bytes).
    Removing ad7172spi.o(i.SpiWriteAndRead), (28 bytes).
    Removing my_ad7172.o(.rev16_text), (4 bytes).
    Removing my_ad7172.o(.revsh_text), (4 bytes).
    Removing my_ad7172.o(.rrx_text), (6 bytes).
    Removing my_ad7172.o(i.GetAD7172ADCChannel), (12 bytes).
    Removing my_ad7172.o(i.ReadAD7172_ID), (20 bytes).

467 unused section(s) (total 30908 bytes) removed from the image.

==============================================================================

Image Symbol Table

    Local Symbols

    Symbol Name                              Value     Ov Type        Size  Object(Section)

    ../Drivers/STM32F1xx_HAL_Driver/Src/stm32f1xx_hal.c 0x00000000   Number         0  stm32f1xx_hal.o ABSOLUTE
    ../Drivers/STM32F1xx_HAL_Driver/Src/stm32f1xx_hal_cortex.c 0x00000000   Number         0  stm32f1xx_hal_cortex.o ABSOLUTE
    ../Drivers/STM32F1xx_HAL_Driver/Src/stm32f1xx_hal_dma.c 0x00000000   Number         0  stm32f1xx_hal_dma.o ABSOLUTE
    ../Drivers/STM32F1xx_HAL_Driver/Src/stm32f1xx_hal_exti.c 0x00000000   Number         0  stm32f1xx_hal_exti.o ABSOLUTE
    ../Drivers/STM32F1xx_HAL_Driver/Src/stm32f1xx_hal_flash.c 0x00000000   Number         0  stm32f1xx_hal_flash.o ABSOLUTE
    ../Drivers/STM32F1xx_HAL_Driver/Src/stm32f1xx_hal_flash_ex.c 0x00000000   Number         0  stm32f1xx_hal_flash_ex.o ABSOLUTE
    ../Drivers/STM32F1xx_HAL_Driver/Src/stm32f1xx_hal_gpio.c 0x00000000   Number         0  stm32f1xx_hal_gpio.o ABSOLUTE
    ../Drivers/STM32F1xx_HAL_Driver/Src/stm32f1xx_hal_gpio_ex.c 0x00000000   Number         0  stm32f1xx_hal_gpio_ex.o ABSOLUTE
    ../Drivers/STM32F1xx_HAL_Driver/Src/stm32f1xx_hal_pwr.c 0x00000000   Number         0  stm32f1xx_hal_pwr.o ABSOLUTE
    ../Drivers/STM32F1xx_HAL_Driver/Src/stm32f1xx_hal_rcc.c 0x00000000   Number         0  stm32f1xx_hal_rcc.o ABSOLUTE
    ../Drivers/STM32F1xx_HAL_Driver/Src/stm32f1xx_hal_rcc_ex.c 0x00000000   Number         0  stm32f1xx_hal_rcc_ex.o ABSOLUTE
    ../Drivers/STM32F1xx_HAL_Driver/Src/stm32f1xx_hal_spi.c 0x00000000   Number         0  stm32f1xx_hal_spi.o ABSOLUTE
    ../Drivers/STM32F1xx_HAL_Driver/Src/stm32f1xx_hal_tim.c 0x00000000   Number         0  stm32f1xx_hal_tim.o ABSOLUTE
    ../Drivers/STM32F1xx_HAL_Driver/Src/stm32f1xx_hal_tim_ex.c 0x00000000   Number         0  stm32f1xx_hal_tim_ex.o ABSOLUTE
    ../Drivers/STM32F1xx_HAL_Driver/Src/stm32f1xx_hal_uart.c 0x00000000   Number         0  stm32f1xx_hal_uart.o ABSOLUTE
    ../Src/gpio.c                            0x00000000   Number         0  gpio.o ABSOLUTE
    ../Src/main.c                            0x00000000   Number         0  main.o ABSOLUTE
    ../Src/spi.c                             0x00000000   Number         0  spi.o ABSOLUTE
    ../Src/stm32f1xx_hal_msp.c               0x00000000   Number         0  stm32f1xx_hal_msp.o ABSOLUTE
    ../Src/stm32f1xx_hal_timebase_tim.c      0x00000000   Number         0  stm32f1xx_hal_timebase_tim.o ABSOLUTE
    ../Src/stm32f1xx_it.c                    0x00000000   Number         0  stm32f1xx_it.o ABSOLUTE
    ../Src/system_stm32f1xx.c                0x00000000   Number         0  system_stm32f1xx.o ABSOLUTE
    ../Src/tim.c                             0x00000000   Number         0  tim.o ABSOLUTE
    ../Src/usart.c                           0x00000000   Number         0  usart.o ABSOLUTE
    ../clib/../cmprslib/zerorunl2.c          0x00000000   Number         0  __dczerorl2.o ABSOLUTE
    ../clib/microlib/division.c              0x00000000   Number         0  uldiv.o ABSOLUTE
    ../clib/microlib/division.c              0x00000000   Number         0  uidiv.o ABSOLUTE
    ../clib/microlib/init/entry.s            0x00000000   Number         0  entry9a.o ABSOLUTE
    ../clib/microlib/init/entry.s            0x00000000   Number         0  entry12b.o ABSOLUTE
    ../clib/microlib/init/entry.s            0x00000000   Number         0  entry12a.o ABSOLUTE
    ../clib/microlib/init/entry.s            0x00000000   Number         0  entry10a.o ABSOLUTE
    ../clib/microlib/init/entry.s            0x00000000   Number         0  entry8b.o ABSOLUTE
    ../clib/microlib/init/entry.s            0x00000000   Number         0  entry8a.o ABSOLUTE
    ../clib/microlib/init/entry.s            0x00000000   Number         0  entry11b.o ABSOLUTE
    ../clib/microlib/init/entry.s            0x00000000   Number         0  entry.o ABSOLUTE
    ../clib/microlib/init/entry.s            0x00000000   Number         0  entry7b.o ABSOLUTE
    ../clib/microlib/init/entry.s            0x00000000   Number         0  entry11a.o ABSOLUTE
    ../clib/microlib/init/entry.s            0x00000000   Number         0  entry7a.o ABSOLUTE
    ../clib/microlib/init/entry.s            0x00000000   Number         0  entry9b.o ABSOLUTE
    ../clib/microlib/init/entry.s            0x00000000   Number         0  entry2.o ABSOLUTE
    ../clib/microlib/init/entry.s            0x00000000   Number         0  entry10b.o ABSOLUTE
    ../clib/microlib/init/entry.s            0x00000000   Number         0  entry5.o ABSOLUTE
    ../clib/microlib/longlong.c              0x00000000   Number         0  llsshr.o ABSOLUTE
    ../clib/microlib/longlong.c              0x00000000   Number         0  llushr.o ABSOLUTE
    ../clib/microlib/longlong.c              0x00000000   Number         0  llshl.o ABSOLUTE
    ../clib/microlib/printf/printf.c         0x00000000   Number         0  printf5.o ABSOLUTE
    ../clib/microlib/printf/printf.c         0x00000000   Number         0  printfb.o ABSOLUTE
    ../clib/microlib/printf/printf.c         0x00000000   Number         0  printfa.o ABSOLUTE
    ../clib/microlib/printf/printf.c         0x00000000   Number         0  printf8.o ABSOLUTE
    ../clib/microlib/printf/printf.c         0x00000000   Number         0  printf4.o ABSOLUTE
    ../clib/microlib/printf/printf.c         0x00000000   Number         0  printf3.o ABSOLUTE
    ../clib/microlib/printf/printf.c         0x00000000   Number         0  printf2.o ABSOLUTE
    ../clib/microlib/printf/printf.c         0x00000000   Number         0  printf7.o ABSOLUTE
    ../clib/microlib/printf/printf.c         0x00000000   Number         0  printf1.o ABSOLUTE
    ../clib/microlib/printf/printf.c         0x00000000   Number         0  printf6.o ABSOLUTE
    ../clib/microlib/printf/printf.c         0x00000000   Number         0  printf0.o ABSOLUTE
    ../clib/microlib/printf/stubs.s          0x00000000   Number         0  stubs.o ABSOLUTE
    ../clib/microlib/stdio/streams.c         0x00000000   Number         0  stdout.o ABSOLUTE
    ../clib/microlib/string/memcpy.c         0x00000000   Number         0  memcpyb.o ABSOLUTE
    ../clib/microlib/string/memcpy.c         0x00000000   Number         0  memcpya.o ABSOLUTE
    ../clib/microlib/string/memset.c         0x00000000   Number         0  memseta.o ABSOLUTE
    ../clib/microlib/stubs.s                 0x00000000   Number         0  iusefp.o ABSOLUTE
    ../fplib/microlib/fpadd.c                0x00000000   Number         0  dadd.o ABSOLUTE
    ../fplib/microlib/fpdiv.c                0x00000000   Number         0  ddiv.o ABSOLUTE
    ../fplib/microlib/fpepilogue.c           0x00000000   Number         0  depilogue.o ABSOLUTE
    ../fplib/microlib/fpfix.c                0x00000000   Number         0  dfixul.o ABSOLUTE
    ../fplib/microlib/fpflt.c                0x00000000   Number         0  dfltui.o ABSOLUTE
    ../fplib/microlib/fpflt.c                0x00000000   Number         0  dflti.o ABSOLUTE
    ../fplib/microlib/fpmul.c                0x00000000   Number         0  dmul.o ABSOLUTE
    ../fplib/microlib/fpscalb.c              0x00000000   Number         0  dscalb.o ABSOLUTE
    ..\Drivers\STM32F1xx_HAL_Driver\Src\stm32f1xx_hal.c 0x00000000   Number         0  stm32f1xx_hal.o ABSOLUTE
    ..\Drivers\STM32F1xx_HAL_Driver\Src\stm32f1xx_hal_cortex.c 0x00000000   Number         0  stm32f1xx_hal_cortex.o ABSOLUTE
    ..\Drivers\STM32F1xx_HAL_Driver\Src\stm32f1xx_hal_dma.c 0x00000000   Number         0  stm32f1xx_hal_dma.o ABSOLUTE
    ..\Drivers\STM32F1xx_HAL_Driver\Src\stm32f1xx_hal_exti.c 0x00000000   Number         0  stm32f1xx_hal_exti.o ABSOLUTE
    ..\Drivers\STM32F1xx_HAL_Driver\Src\stm32f1xx_hal_flash.c 0x00000000   Number         0  stm32f1xx_hal_flash.o ABSOLUTE
    ..\Drivers\STM32F1xx_HAL_Driver\Src\stm32f1xx_hal_flash_ex.c 0x00000000   Number         0  stm32f1xx_hal_flash_ex.o ABSOLUTE
    ..\Drivers\STM32F1xx_HAL_Driver\Src\stm32f1xx_hal_gpio.c 0x00000000   Number         0  stm32f1xx_hal_gpio.o ABSOLUTE
    ..\Drivers\STM32F1xx_HAL_Driver\Src\stm32f1xx_hal_gpio_ex.c 0x00000000   Number         0  stm32f1xx_hal_gpio_ex.o ABSOLUTE
    ..\Drivers\STM32F1xx_HAL_Driver\Src\stm32f1xx_hal_pwr.c 0x00000000   Number         0  stm32f1xx_hal_pwr.o ABSOLUTE
    ..\Drivers\STM32F1xx_HAL_Driver\Src\stm32f1xx_hal_rcc.c 0x00000000   Number         0  stm32f1xx_hal_rcc.o ABSOLUTE
    ..\Drivers\STM32F1xx_HAL_Driver\Src\stm32f1xx_hal_rcc_ex.c 0x00000000   Number         0  stm32f1xx_hal_rcc_ex.o ABSOLUTE
    ..\Drivers\STM32F1xx_HAL_Driver\Src\stm32f1xx_hal_spi.c 0x00000000   Number         0  stm32f1xx_hal_spi.o ABSOLUTE
    ..\Drivers\STM32F1xx_HAL_Driver\Src\stm32f1xx_hal_tim.c 0x00000000   Number         0  stm32f1xx_hal_tim.o ABSOLUTE
    ..\Drivers\STM32F1xx_HAL_Driver\Src\stm32f1xx_hal_tim_ex.c 0x00000000   Number         0  stm32f1xx_hal_tim_ex.o ABSOLUTE
    ..\Drivers\STM32F1xx_HAL_Driver\Src\stm32f1xx_hal_uart.c 0x00000000   Number         0  stm32f1xx_hal_uart.o ABSOLUTE
    ..\Src\gpio.c                            0x00000000   Number         0  gpio.o ABSOLUTE
    ..\Src\main.c                            0x00000000   Number         0  main.o ABSOLUTE
    ..\Src\spi.c                             0x00000000   Number         0  spi.o ABSOLUTE
    ..\Src\stm32f1xx_hal_msp.c               0x00000000   Number         0  stm32f1xx_hal_msp.o ABSOLUTE
    ..\Src\stm32f1xx_hal_timebase_tim.c      0x00000000   Number         0  stm32f1xx_hal_timebase_tim.o ABSOLUTE
    ..\Src\stm32f1xx_it.c                    0x00000000   Number         0  stm32f1xx_it.o ABSOLUTE
    ..\Src\system_stm32f1xx.c                0x00000000   Number         0  system_stm32f1xx.o ABSOLUTE
    ..\Src\tim.c                             0x00000000   Number         0  tim.o ABSOLUTE
    ..\Src\usart.c                           0x00000000   Number         0  usart.o ABSOLUTE
    ..\\bsp\\Ad7172Spi.c                     0x00000000   Number         0  ad7172spi.o ABSOLUTE
    ..\\bsp\\My_AD7172.c                     0x00000000   Number         0  my_ad7172.o ABSOLUTE
    ..\\bsp\\ad717x_Frame.c                  0x00000000   Number         0  ad717x_frame.o ABSOLUTE
    ..\bsp\Ad7172Spi.c                       0x00000000   Number         0  ad7172spi.o ABSOLUTE
    ..\bsp\My_AD7172.c                       0x00000000   Number         0  my_ad7172.o ABSOLUTE
    ..\bsp\ad717x_Frame.c                    0x00000000   Number         0  ad717x_frame.o ABSOLUTE
    cdrcmple.s                               0x00000000   Number         0  cdrcmple.o ABSOLUTE
    dc.s                                     0x00000000   Number         0  dc.o ABSOLUTE
    handlers.s                               0x00000000   Number         0  handlers.o ABSOLUTE
    init.s                                   0x00000000   Number         0  init.o ABSOLUTE
    startup_stm32f103x6.s                    0x00000000   Number         0  startup_stm32f103x6.o ABSOLUTE
    RESET                                    0x08000000   Section      236  startup_stm32f103x6.o(RESET)
    .ARM.Collect$$$$00000000                 0x080000ec   Section        0  entry.o(.ARM.Collect$$$$00000000)
    .ARM.Collect$$$$00000001                 0x080000ec   Section        4  entry2.o(.ARM.Collect$$$$00000001)
    .ARM.Collect$$$$00000004                 0x080000f0   Section        4  entry5.o(.ARM.Collect$$$$00000004)
    .ARM.Collect$$$$00000008                 0x080000f4   Section        0  entry7b.o(.ARM.Collect$$$$00000008)
    .ARM.Collect$$$$0000000A                 0x080000f4   Section        0  entry8b.o(.ARM.Collect$$$$0000000A)
    .ARM.Collect$$$$0000000B                 0x080000f4   Section        8  entry9a.o(.ARM.Collect$$$$0000000B)
    .ARM.Collect$$$$0000000E                 0x080000fc   Section        4  entry12b.o(.ARM.Collect$$$$0000000E)
    .ARM.Collect$$$$0000000F                 0x08000100   Section        0  entry10a.o(.ARM.Collect$$$$0000000F)
    .ARM.Collect$$$$00000011                 0x08000100   Section        0  entry11a.o(.ARM.Collect$$$$00000011)
    .ARM.Collect$$$$00002712                 0x08000100   Section        4  entry2.o(.ARM.Collect$$$$00002712)
    __lit__00000000                          0x08000100   Data           4  entry2.o(.ARM.Collect$$$$00002712)
    .text                                    0x08000104   Section       36  startup_stm32f103x6.o(.text)
    .text                                    0x08000128   Section        0  llushr.o(.text)
    .text                                    0x08000148   Section        0  memcpya.o(.text)
    .text                                    0x0800016c   Section        0  memseta.o(.text)
    .text                                    0x08000190   Section        0  dmul.o(.text)
    .text                                    0x08000274   Section        0  dscalb.o(.text)
    .text                                    0x080002a2   Section        0  dflti.o(.text)
    .text                                    0x080002c4   Section        0  dfltui.o(.text)
    .text                                    0x080002de   Section        0  uidiv.o(.text)
    .text                                    0x0800030a   Section        0  uldiv.o(.text)
    .text                                    0x0800036c   Section        0  depilogue.o(.text)
    .text                                    0x0800036c   Section        0  iusefp.o(.text)
    .text                                    0x08000426   Section        0  dadd.o(.text)
    .text                                    0x08000574   Section        0  ddiv.o(.text)
    .text                                    0x08000652   Section        0  dfixul.o(.text)
    .text                                    0x08000684   Section       48  cdrcmple.o(.text)
    .text                                    0x080006b4   Section       36  init.o(.text)
    .text                                    0x080006d8   Section        0  llshl.o(.text)
    .text                                    0x080006f6   Section        0  llsshr.o(.text)
    .text                                    0x0800071a   Section        0  __dczerorl2.o(.text)
    i.AD7172Loop                             0x08000770   Section        0  my_ad7172.o(i.AD7172Loop)
    i.AD7172ParmInit                         0x080007e0   Section        0  my_ad7172.o(i.AD7172ParmInit)
    i.AD7172_Calib                           0x080008b4   Section        0  my_ad7172.o(i.AD7172_Calib)
    i.AD7172_DebugFunction                   0x080009b0   Section        0  my_ad7172.o(i.AD7172_DebugFunction)
    i.AD7172_GENMASK                         0x08000a88   Section        0  ad717x_frame.o(i.AD7172_GENMASK)
    i.AD717X_ComputeCRC8                     0x08000a9e   Section        0  ad717x_frame.o(i.AD717X_ComputeCRC8)
    i.AD717X_ComputeXOR8                     0x08000ad4   Section        0  ad717x_frame.o(i.AD717X_ComputeXOR8)
    i.AD717X_Configure_FilterOrder           0x08000aea   Section        0  ad717x_frame.o(i.AD717X_Configure_FilterOrder)
    i.AD717X_GetReg                          0x08000b2c   Section        0  ad717x_frame.o(i.AD717X_GetReg)
    i.AD717X_Init                            0x08000b60   Section        0  ad717x_frame.o(i.AD717X_Init)
    i.AD717X_LoadRegsPtr                     0x08000cc0   Section        0  ad717x_frame.o(i.AD717X_LoadRegsPtr)
    i.AD717X_OnlyRead32                      0x08000d38   Section        0  ad717x_frame.o(i.AD717X_OnlyRead32)
    i.AD717X_ReadRegister                    0x08000df8   Section        0  ad717x_frame.o(i.AD717X_ReadRegister)
    i.AD717X_ReadRegs                        0x08000ef4   Section        0  ad717x_frame.o(i.AD717X_ReadRegs)
    i.AD717X_Reset                           0x08000f54   Section        0  ad717x_frame.o(i.AD717X_Reset)
    i.AD717X_UpdateCRCSetting                0x08000f74   Section        0  ad717x_frame.o(i.AD717X_UpdateCRCSetting)
    i.AD717X_WriteRegister                   0x08000fa0   Section        0  ad717x_frame.o(i.AD717X_WriteRegister)
    i.BusFault_Handler                       0x0800100e   Section        0  stm32f1xx_it.o(i.BusFault_Handler)
    i.DebugMon_Handler                       0x08001010   Section        0  stm32f1xx_it.o(i.DebugMon_Handler)
    i.Error_Handler                          0x08001012   Section        0  main.o(i.Error_Handler)
    i.HAL_Delay                              0x08001018   Section        0  stm32f1xx_hal.o(i.HAL_Delay)
    i.HAL_GPIO_Init                          0x0800103c   Section        0  stm32f1xx_hal_gpio.o(i.HAL_GPIO_Init)
    i.HAL_GPIO_ReadPin                       0x080011fc   Section        0  stm32f1xx_hal_gpio.o(i.HAL_GPIO_ReadPin)
    i.HAL_GPIO_WritePin                      0x08001206   Section        0  stm32f1xx_hal_gpio.o(i.HAL_GPIO_WritePin)
    i.HAL_GetTick                            0x08001210   Section        0  stm32f1xx_hal.o(i.HAL_GetTick)
    i.HAL_IncTick                            0x0800121c   Section        0  stm32f1xx_hal.o(i.HAL_IncTick)
    i.HAL_Init                               0x0800122c   Section        0  stm32f1xx_hal.o(i.HAL_Init)
    i.HAL_InitTick                           0x08001250   Section        0  stm32f1xx_hal_timebase_tim.o(i.HAL_InitTick)
    i.HAL_MspInit                            0x080012c4   Section        0  stm32f1xx_hal_msp.o(i.HAL_MspInit)
    i.HAL_NVIC_EnableIRQ                     0x08001300   Section        0  stm32f1xx_hal_cortex.o(i.HAL_NVIC_EnableIRQ)
    i.HAL_NVIC_SetPriority                   0x0800131c   Section        0  stm32f1xx_hal_cortex.o(i.HAL_NVIC_SetPriority)
    i.HAL_NVIC_SetPriorityGrouping           0x0800135c   Section        0  stm32f1xx_hal_cortex.o(i.HAL_NVIC_SetPriorityGrouping)
    i.HAL_RCC_ClockConfig                    0x08001380   Section        0  stm32f1xx_hal_rcc.o(i.HAL_RCC_ClockConfig)
    i.HAL_RCC_GetClockConfig                 0x080014ac   Section        0  stm32f1xx_hal_rcc.o(i.HAL_RCC_GetClockConfig)
    i.HAL_RCC_GetPCLK1Freq                   0x080014ec   Section        0  stm32f1xx_hal_rcc.o(i.HAL_RCC_GetPCLK1Freq)
    i.HAL_RCC_GetPCLK2Freq                   0x0800150c   Section        0  stm32f1xx_hal_rcc.o(i.HAL_RCC_GetPCLK2Freq)
    i.HAL_RCC_GetSysClockFreq                0x0800152c   Section        0  stm32f1xx_hal_rcc.o(i.HAL_RCC_GetSysClockFreq)
    i.HAL_RCC_OscConfig                      0x08001578   Section        0  stm32f1xx_hal_rcc.o(i.HAL_RCC_OscConfig)
    i.HAL_SPI_Init                           0x08001898   Section        0  stm32f1xx_hal_spi.o(i.HAL_SPI_Init)
    i.HAL_SPI_MspInit                        0x0800194c   Section        0  spi.o(i.HAL_SPI_MspInit)
    i.HAL_SPI_Receive                        0x080019bc   Section        0  stm32f1xx_hal_spi.o(i.HAL_SPI_Receive)
    i.HAL_SPI_TransmitReceive                0x08001b12   Section        0  stm32f1xx_hal_spi.o(i.HAL_SPI_TransmitReceive)
    i.HAL_TIMEx_BreakCallback                0x08001d00   Section        0  stm32f1xx_hal_tim_ex.o(i.HAL_TIMEx_BreakCallback)
    i.HAL_TIMEx_CommutCallback               0x08001d02   Section        0  stm32f1xx_hal_tim_ex.o(i.HAL_TIMEx_CommutCallback)
    i.HAL_TIMEx_MasterConfigSynchronization  0x08001d04   Section        0  stm32f1xx_hal_tim_ex.o(i.HAL_TIMEx_MasterConfigSynchronization)
    i.HAL_TIM_Base_Init                      0x08001d64   Section        0  stm32f1xx_hal_tim.o(i.HAL_TIM_Base_Init)
    i.HAL_TIM_Base_MspInit                   0x08001dc0   Section        0  tim.o(i.HAL_TIM_Base_MspInit)
    i.HAL_TIM_Base_Start_IT                  0x08001dfc   Section        0  stm32f1xx_hal_tim.o(i.HAL_TIM_Base_Start_IT)
    i.HAL_TIM_ConfigClockSource              0x08001e4c   Section        0  stm32f1xx_hal_tim.o(i.HAL_TIM_ConfigClockSource)
    i.HAL_TIM_IC_CaptureCallback             0x08001f28   Section        0  stm32f1xx_hal_tim.o(i.HAL_TIM_IC_CaptureCallback)
    i.HAL_TIM_IRQHandler                     0x08001f2a   Section        0  stm32f1xx_hal_tim.o(i.HAL_TIM_IRQHandler)
    i.HAL_TIM_OC_DelayElapsedCallback        0x08002090   Section        0  stm32f1xx_hal_tim.o(i.HAL_TIM_OC_DelayElapsedCallback)
    i.HAL_TIM_PWM_PulseFinishedCallback      0x08002092   Section        0  stm32f1xx_hal_tim.o(i.HAL_TIM_PWM_PulseFinishedCallback)
    i.HAL_TIM_PeriodElapsedCallback          0x08002094   Section        0  main.o(i.HAL_TIM_PeriodElapsedCallback)
    i.HAL_TIM_TriggerCallback                0x080020a8   Section        0  stm32f1xx_hal_tim.o(i.HAL_TIM_TriggerCallback)
    i.HAL_UART_Init                          0x080020aa   Section        0  stm32f1xx_hal_uart.o(i.HAL_UART_Init)
    i.HAL_UART_MspInit                       0x08002110   Section        0  usart.o(i.HAL_UART_MspInit)
    i.HAL_UART_Transmit                      0x08002180   Section        0  stm32f1xx_hal_uart.o(i.HAL_UART_Transmit)
    i.HardFault_Handler                      0x0800221a   Section        0  stm32f1xx_it.o(i.HardFault_Handler)
    i.MX_GPIO_Init                           0x0800221c   Section        0  gpio.o(i.MX_GPIO_Init)
    i.MX_SPI1_Init                           0x080022bc   Section        0  spi.o(i.MX_SPI1_Init)
    i.MX_TIM1_Init                           0x08002304   Section        0  tim.o(i.MX_TIM1_Init)
    i.MX_USART1_UART_Init                    0x0800236c   Section        0  usart.o(i.MX_USART1_UART_Init)
    i.MemManage_Handler                      0x080023a4   Section        0  stm32f1xx_it.o(i.MemManage_Handler)
    i.NMI_Handler                            0x080023a6   Section        0  stm32f1xx_it.o(i.NMI_Handler)
    i.PendSV_Handler                         0x080023a8   Section        0  stm32f1xx_it.o(i.PendSV_Handler)
    i.SPI_EndRxTransaction                   0x080023aa   Section        0  stm32f1xx_hal_spi.o(i.SPI_EndRxTransaction)
    SPI_EndRxTransaction                     0x080023ab   Thumb Code    92  stm32f1xx_hal_spi.o(i.SPI_EndRxTransaction)
    i.SPI_EndRxTxTransaction                 0x08002406   Section        0  stm32f1xx_hal_spi.o(i.SPI_EndRxTxTransaction)
    SPI_EndRxTxTransaction                   0x08002407   Thumb Code    32  stm32f1xx_hal_spi.o(i.SPI_EndRxTxTransaction)
    i.SPI_WaitFlagStateUntilTimeout          0x08002428   Section        0  stm32f1xx_hal_spi.o(i.SPI_WaitFlagStateUntilTimeout)
    SPI_WaitFlagStateUntilTimeout            0x08002429   Thumb Code   180  stm32f1xx_hal_spi.o(i.SPI_WaitFlagStateUntilTimeout)
    i.SVC_Handler                            0x080024e0   Section        0  stm32f1xx_it.o(i.SVC_Handler)
    i.SetAD7172CsPin                         0x080024e4   Section        0  ad7172spi.o(i.SetAD7172CsPin)
    i.SysTick_Handler                        0x080024f4   Section        0  stm32f1xx_it.o(i.SysTick_Handler)
    i.SystemClock_Config                     0x080024f6   Section        0  main.o(i.SystemClock_Config)
    i.SystemInit                             0x08002554   Section        0  system_stm32f1xx.o(i.SystemInit)
    i.TIM1_UP_IRQHandler                     0x08002558   Section        0  stm32f1xx_it.o(i.TIM1_UP_IRQHandler)
    i.TIM3_IRQHandler                        0x08002564   Section        0  stm32f1xx_it.o(i.TIM3_IRQHandler)
    i.TIM_Base_SetConfig                     0x08002570   Section        0  stm32f1xx_hal_tim.o(i.TIM_Base_SetConfig)
    i.TIM_ETR_SetConfig                      0x080025cc   Section        0  stm32f1xx_hal_tim.o(i.TIM_ETR_SetConfig)
    i.TIM_ITRx_SetConfig                     0x080025e0   Section        0  stm32f1xx_hal_tim.o(i.TIM_ITRx_SetConfig)
    TIM_ITRx_SetConfig                       0x080025e1   Thumb Code    16  stm32f1xx_hal_tim.o(i.TIM_ITRx_SetConfig)
    i.TIM_TI1_ConfigInputStage               0x080025f0   Section        0  stm32f1xx_hal_tim.o(i.TIM_TI1_ConfigInputStage)
    TIM_TI1_ConfigInputStage                 0x080025f1   Thumb Code    34  stm32f1xx_hal_tim.o(i.TIM_TI1_ConfigInputStage)
    i.TIM_TI2_ConfigInputStage               0x08002612   Section        0  stm32f1xx_hal_tim.o(i.TIM_TI2_ConfigInputStage)
    TIM_TI2_ConfigInputStage                 0x08002613   Thumb Code    36  stm32f1xx_hal_tim.o(i.TIM_TI2_ConfigInputStage)
    i.UART_SetConfig                         0x08002638   Section        0  stm32f1xx_hal_uart.o(i.UART_SetConfig)
    UART_SetConfig                           0x08002639   Thumb Code   178  stm32f1xx_hal_uart.o(i.UART_SetConfig)
    i.UART_WaitOnFlagUntilTimeout            0x080026f0   Section        0  stm32f1xx_hal_uart.o(i.UART_WaitOnFlagUntilTimeout)
    UART_WaitOnFlagUntilTimeout              0x080026f1   Thumb Code   120  stm32f1xx_hal_uart.o(i.UART_WaitOnFlagUntilTimeout)
    i.UsageFault_Handler                     0x08002768   Section        0  stm32f1xx_it.o(i.UsageFault_Handler)
    i.__0printf                              0x0800276c   Section        0  printfa.o(i.__0printf)
    i.__NVIC_SetPriority                     0x0800278c   Section        0  stm32f1xx_hal_cortex.o(i.__NVIC_SetPriority)
    __NVIC_SetPriority                       0x0800278d   Thumb Code    32  stm32f1xx_hal_cortex.o(i.__NVIC_SetPriority)
    i.__scatterload_copy                     0x080027ac   Section       14  handlers.o(i.__scatterload_copy)
    i.__scatterload_null                     0x080027ba   Section        2  handlers.o(i.__scatterload_null)
    i.__scatterload_zeroinit                 0x080027bc   Section       14  handlers.o(i.__scatterload_zeroinit)
    i._fp_digits                             0x080027cc   Section        0  printfa.o(i._fp_digits)
    _fp_digits                               0x080027cd   Thumb Code   366  printfa.o(i._fp_digits)
    i._printf_core                           0x08002950   Section        0  printfa.o(i._printf_core)
    _printf_core                             0x08002951   Thumb Code  1704  printfa.o(i._printf_core)
    i._printf_post_padding                   0x08003004   Section        0  printfa.o(i._printf_post_padding)
    _printf_post_padding                     0x08003005   Thumb Code    36  printfa.o(i._printf_post_padding)
    i._printf_pre_padding                    0x08003028   Section        0  printfa.o(i._printf_pre_padding)
    _printf_pre_padding                      0x08003029   Thumb Code    46  printfa.o(i._printf_pre_padding)
    i.ad717x_assign_setup                    0x08003056   Section        0  ad717x_frame.o(i.ad717x_assign_setup)
    i.ad717x_configure_device_odr            0x080030aa   Section        0  ad717x_frame.o(i.ad717x_configure_device_odr)
    i.ad717x_connect_analog_input            0x080030e6   Section        0  ad717x_frame.o(i.ad717x_connect_analog_input)
    i.ad717x_enable_input_buffer             0x0800319a   Section        0  ad717x_frame.o(i.ad717x_enable_input_buffer)
    i.ad717x_set_adc_mode                    0x080031f2   Section        0  ad717x_frame.o(i.ad717x_set_adc_mode)
    i.ad717x_set_channel_status              0x08003238   Section        0  ad717x_frame.o(i.ad717x_set_channel_status)
    i.ad717x_set_data_state                  0x0800327e   Section        0  ad717x_frame.o(i.ad717x_set_data_state)
    i.ad717x_set_polarity                    0x080032b4   Section        0  ad717x_frame.o(i.ad717x_set_polarity)
    i.ad717x_set_reference_source            0x080032fa   Section        0  ad717x_frame.o(i.ad717x_set_reference_source)
    i.fputc                                  0x08003370   Section        0  main.o(i.fputc)
    i.main                                   0x08003390   Section        0  main.o(i.main)
    i.spi_miso_input                         0x080033e4   Section        0  ad7172spi.o(i.spi_miso_input)
    i.stm32_spi_receive                      0x080033f0   Section        0  ad7172spi.o(i.stm32_spi_receive)
    i.stm32_spi_transfer                     0x08003434   Section        0  ad7172spi.o(i.stm32_spi_transfer)
    i.stm32_spi_write_and_read               0x08003488   Section        0  ad7172spi.o(i.stm32_spi_write_and_read)
    .constdata                               0x080034b8   Section       18  stm32f1xx_hal_rcc.o(.constdata)
    aPredivFactorTable                       0x080034b8   Data           2  stm32f1xx_hal_rcc.o(.constdata)
    aPLLMULFactorTable                       0x080034ba   Data          16  stm32f1xx_hal_rcc.o(.constdata)
    .constdata                               0x080034ca   Section       16  system_stm32f1xx.o(.constdata)
    .constdata                               0x080034da   Section        8  system_stm32f1xx.o(.constdata)
    .constdata                               0x080034e4   Section       56  ad7172spi.o(.constdata)
    .conststring                             0x0800351c   Section       65  my_ad7172.o(.conststring)
    .data                                    0x20000000   Section       12  stm32f1xx_hal.o(.data)
    .data                                    0x2000000c   Section        4  system_stm32f1xx.o(.data)
    .data                                    0x20000010   Section       44  ad717x_frame.o(.data)
    .data                                    0x2000003c   Section      324  my_ad7172.o(.data)
    .data                                    0x20000180   Section        4  stdout.o(.data)
    .bss                                     0x20000184   Section       88  spi.o(.bss)
    .bss                                     0x200001dc   Section       72  tim.o(.bss)
    .bss                                     0x20000224   Section       72  usart.o(.bss)
    .bss                                     0x2000026c   Section       72  stm32f1xx_hal_timebase_tim.o(.bss)
    .bss                                     0x200002b8   Section       32  ad717x_frame.o(.bss)
    .bss                                     0x200002d8   Section      220  my_ad7172.o(.bss)
    STACK                                    0x200003b8   Section     1024  startup_stm32f103x6.o(STACK)

    Global Symbols

    Symbol Name                              Value     Ov Type        Size  Object(Section)

    BuildAttributes$$THM_ISAv4$P$D$K$B$S$PE$A:L22UL41UL21$X:L11$S22US41US21$IEEE1$IW$USESV6$~STKCKD$USESV7$~SHL$OSPACE$ROPI$EBA8$MICROLIB$REQ8$PRES8$EABIv2 0x00000000   Number         0  anon$$obj.o ABSOLUTE
    __ARM_use_no_argv                        0x00000000   Number         0  main.o ABSOLUTE
    _printf_a                                0x00000000   Number         0  stubs.o ABSOLUTE
    _printf_c                                0x00000000   Number         0  stubs.o ABSOLUTE
    _printf_charcount                        0x00000000   Number         0  stubs.o ABSOLUTE
    _printf_d                                0x00000000   Number         0  stubs.o ABSOLUTE
    _printf_e                                0x00000000   Number         0  stubs.o ABSOLUTE
    _printf_f                                0x00000000   Number         0  stubs.o ABSOLUTE
    _printf_flags                            0x00000000   Number         0  stubs.o ABSOLUTE
    _printf_fp_dec                           0x00000000   Number         0  stubs.o ABSOLUTE
    _printf_fp_hex                           0x00000000   Number         0  stubs.o ABSOLUTE
    _printf_g                                0x00000000   Number         0  stubs.o ABSOLUTE
    _printf_i                                0x00000000   Number         0  stubs.o ABSOLUTE
    _printf_int_dec                          0x00000000   Number         0  stubs.o ABSOLUTE
    _printf_l                                0x00000000   Number         0  stubs.o ABSOLUTE
    _printf_lc                               0x00000000   Number         0  stubs.o ABSOLUTE
    _printf_ll                               0x00000000   Number         0  stubs.o ABSOLUTE
    _printf_lld                              0x00000000   Number         0  stubs.o ABSOLUTE
    _printf_lli                              0x00000000   Number         0  stubs.o ABSOLUTE
    _printf_llo                              0x00000000   Number         0  stubs.o ABSOLUTE
    _printf_llu                              0x00000000   Number         0  stubs.o ABSOLUTE
    _printf_llx                              0x00000000   Number         0  stubs.o ABSOLUTE
    _printf_longlong_dec                     0x00000000   Number         0  stubs.o ABSOLUTE
    _printf_longlong_hex                     0x00000000   Number         0  stubs.o ABSOLUTE
    _printf_longlong_oct                     0x00000000   Number         0  stubs.o ABSOLUTE
    _printf_ls                               0x00000000   Number         0  stubs.o ABSOLUTE
    _printf_mbtowc                           0x00000000   Number         0  stubs.o ABSOLUTE
    _printf_n                                0x00000000   Number         0  stubs.o ABSOLUTE
    _printf_o                                0x00000000   Number         0  stubs.o ABSOLUTE
    _printf_p                                0x00000000   Number         0  stubs.o ABSOLUTE
    _printf_percent                          0x00000000   Number         0  stubs.o ABSOLUTE
    _printf_pre_padding                      0x00000000   Number         0  stubs.o ABSOLUTE
    _printf_return_value                     0x00000000   Number         0  stubs.o ABSOLUTE
    _printf_s                                0x00000000   Number         0  stubs.o ABSOLUTE
    _printf_sizespec                         0x00000000   Number         0  stubs.o ABSOLUTE
    _printf_str                              0x00000000   Number         0  stubs.o ABSOLUTE
    _printf_truncate_signed                  0x00000000   Number         0  stubs.o ABSOLUTE
    _printf_truncate_unsigned                0x00000000   Number         0  stubs.o ABSOLUTE
    _printf_u                                0x00000000   Number         0  stubs.o ABSOLUTE
    _printf_wc                               0x00000000   Number         0  stubs.o ABSOLUTE
    _printf_wctomb                           0x00000000   Number         0  stubs.o ABSOLUTE
    _printf_widthprec                        0x00000000   Number         0  stubs.o ABSOLUTE
    _printf_x                                0x00000000   Number         0  stubs.o ABSOLUTE
    __arm_fini_                               - Undefined Weak Reference
    __cpp_initialize__aeabi_                  - Undefined Weak Reference
    __cxa_finalize                            - Undefined Weak Reference
    _clock_init                               - Undefined Weak Reference
    _microlib_exit                            - Undefined Weak Reference
    __Vectors_Size                           0x000000ec   Number         0  startup_stm32f103x6.o ABSOLUTE
    __Vectors                                0x08000000   Data           4  startup_stm32f103x6.o(RESET)
    __Vectors_End                            0x080000ec   Data           0  startup_stm32f103x6.o(RESET)
    __main                                   0x080000ed   Thumb Code     0  entry.o(.ARM.Collect$$$$00000000)
    _main_stk                                0x080000ed   Thumb Code     0  entry2.o(.ARM.Collect$$$$00000001)
    _main_scatterload                        0x080000f1   Thumb Code     0  entry5.o(.ARM.Collect$$$$00000004)
    __main_after_scatterload                 0x080000f5   Thumb Code     0  entry5.o(.ARM.Collect$$$$00000004)
    _main_clock                              0x080000f5   Thumb Code     0  entry7b.o(.ARM.Collect$$$$00000008)
    _main_cpp_init                           0x080000f5   Thumb Code     0  entry8b.o(.ARM.Collect$$$$0000000A)
    _main_init                               0x080000f5   Thumb Code     0  entry9a.o(.ARM.Collect$$$$0000000B)
    __rt_lib_shutdown_fini                   0x080000fd   Thumb Code     0  entry12b.o(.ARM.Collect$$$$0000000E)
    __rt_final_cpp                           0x08000101   Thumb Code     0  entry10a.o(.ARM.Collect$$$$0000000F)
    __rt_final_exit                          0x08000101   Thumb Code     0  entry11a.o(.ARM.Collect$$$$00000011)
    Reset_Handler                            0x08000105   Thumb Code     8  startup_stm32f103x6.o(.text)
    ADC1_2_IRQHandler                        0x0800011f   Thumb Code     0  startup_stm32f103x6.o(.text)
    CAN1_RX1_IRQHandler                      0x0800011f   Thumb Code     0  startup_stm32f103x6.o(.text)
    CAN1_SCE_IRQHandler                      0x0800011f   Thumb Code     0  startup_stm32f103x6.o(.text)
    DMA1_Channel1_IRQHandler                 0x0800011f   Thumb Code     0  startup_stm32f103x6.o(.text)
    DMA1_Channel2_IRQHandler                 0x0800011f   Thumb Code     0  startup_stm32f103x6.o(.text)
    DMA1_Channel3_IRQHandler                 0x0800011f   Thumb Code     0  startup_stm32f103x6.o(.text)
    DMA1_Channel4_IRQHandler                 0x0800011f   Thumb Code     0  startup_stm32f103x6.o(.text)
    DMA1_Channel5_IRQHandler                 0x0800011f   Thumb Code     0  startup_stm32f103x6.o(.text)
    DMA1_Channel6_IRQHandler                 0x0800011f   Thumb Code     0  startup_stm32f103x6.o(.text)
    DMA1_Channel7_IRQHandler                 0x0800011f   Thumb Code     0  startup_stm32f103x6.o(.text)
    EXTI0_IRQHandler                         0x0800011f   Thumb Code     0  startup_stm32f103x6.o(.text)
    EXTI15_10_IRQHandler                     0x0800011f   Thumb Code     0  startup_stm32f103x6.o(.text)
    EXTI1_IRQHandler                         0x0800011f   Thumb Code     0  startup_stm32f103x6.o(.text)
    EXTI2_IRQHandler                         0x0800011f   Thumb Code     0  startup_stm32f103x6.o(.text)
    EXTI3_IRQHandler                         0x0800011f   Thumb Code     0  startup_stm32f103x6.o(.text)
    EXTI4_IRQHandler                         0x0800011f   Thumb Code     0  startup_stm32f103x6.o(.text)
    EXTI9_5_IRQHandler                       0x0800011f   Thumb Code     0  startup_stm32f103x6.o(.text)
    FLASH_IRQHandler                         0x0800011f   Thumb Code     0  startup_stm32f103x6.o(.text)
    I2C1_ER_IRQHandler                       0x0800011f   Thumb Code     0  startup_stm32f103x6.o(.text)
    I2C1_EV_IRQHandler                       0x0800011f   Thumb Code     0  startup_stm32f103x6.o(.text)
    PVD_IRQHandler                           0x0800011f   Thumb Code     0  startup_stm32f103x6.o(.text)
    RCC_IRQHandler                           0x0800011f   Thumb Code     0  startup_stm32f103x6.o(.text)
    RTC_Alarm_IRQHandler                     0x0800011f   Thumb Code     0  startup_stm32f103x6.o(.text)
    RTC_IRQHandler                           0x0800011f   Thumb Code     0  startup_stm32f103x6.o(.text)
    SPI1_IRQHandler                          0x0800011f   Thumb Code     0  startup_stm32f103x6.o(.text)
    TAMPER_IRQHandler                        0x0800011f   Thumb Code     0  startup_stm32f103x6.o(.text)
    TIM1_BRK_IRQHandler                      0x0800011f   Thumb Code     0  startup_stm32f103x6.o(.text)
    TIM1_CC_IRQHandler                       0x0800011f   Thumb Code     0  startup_stm32f103x6.o(.text)
    TIM1_TRG_COM_IRQHandler                  0x0800011f   Thumb Code     0  startup_stm32f103x6.o(.text)
    TIM2_IRQHandler                          0x0800011f   Thumb Code     0  startup_stm32f103x6.o(.text)
    USART1_IRQHandler                        0x0800011f   Thumb Code     0  startup_stm32f103x6.o(.text)
    USART2_IRQHandler                        0x0800011f   Thumb Code     0  startup_stm32f103x6.o(.text)
    USBWakeUp_IRQHandler                     0x0800011f   Thumb Code     0  startup_stm32f103x6.o(.text)
    USB_HP_CAN1_TX_IRQHandler                0x0800011f   Thumb Code     0  startup_stm32f103x6.o(.text)
    USB_LP_CAN1_RX0_IRQHandler               0x0800011f   Thumb Code     0  startup_stm32f103x6.o(.text)
    WWDG_IRQHandler                          0x0800011f   Thumb Code     0  startup_stm32f103x6.o(.text)
    __aeabi_llsr                             0x08000129   Thumb Code    32  llushr.o(.text)
    _ll_ushift_r                             0x08000129   Thumb Code     0  llushr.o(.text)
    __aeabi_memcpy                           0x08000149   Thumb Code    36  memcpya.o(.text)
    __aeabi_memcpy4                          0x08000149   Thumb Code     0  memcpya.o(.text)
    __aeabi_memcpy8                          0x08000149   Thumb Code     0  memcpya.o(.text)
    __aeabi_memset                           0x0800016d   Thumb Code    14  memseta.o(.text)
    __aeabi_memset4                          0x0800016d   Thumb Code     0  memseta.o(.text)
    __aeabi_memset8                          0x0800016d   Thumb Code     0  memseta.o(.text)
    __aeabi_memclr                           0x0800017b   Thumb Code     4  memseta.o(.text)
    __aeabi_memclr4                          0x0800017b   Thumb Code     0  memseta.o(.text)
    __aeabi_memclr8                          0x0800017b   Thumb Code     0  memseta.o(.text)
    _memset$wrapper                          0x0800017f   Thumb Code    18  memseta.o(.text)
    __aeabi_dmul                             0x08000191   Thumb Code   228  dmul.o(.text)
    __ARM_scalbn                             0x08000275   Thumb Code    46  dscalb.o(.text)
    scalbn                                   0x08000275   Thumb Code     0  dscalb.o(.text)
    __aeabi_i2d                              0x080002a3   Thumb Code    34  dflti.o(.text)
    __aeabi_ui2d                             0x080002c5   Thumb Code    26  dfltui.o(.text)
    __aeabi_uidiv                            0x080002df   Thumb Code     0  uidiv.o(.text)
    __aeabi_uidivmod                         0x080002df   Thumb Code    44  uidiv.o(.text)
    __aeabi_uldivmod                         0x0800030b   Thumb Code    98  uldiv.o(.text)
    __I$use$fp                               0x0800036d   Thumb Code     0  iusefp.o(.text)
    _double_round                            0x0800036d   Thumb Code    30  depilogue.o(.text)
    _double_epilogue                         0x0800038b   Thumb Code   156  depilogue.o(.text)
    __aeabi_dadd                             0x08000427   Thumb Code   322  dadd.o(.text)
    __aeabi_dsub                             0x08000569   Thumb Code     6  dadd.o(.text)
    __aeabi_drsub                            0x0800056f   Thumb Code     6  dadd.o(.text)
    __aeabi_ddiv                             0x08000575   Thumb Code   222  ddiv.o(.text)
    __aeabi_d2ulz                            0x08000653   Thumb Code    48  dfixul.o(.text)
    __aeabi_cdrcmple                         0x08000685   Thumb Code    48  cdrcmple.o(.text)
    __scatterload                            0x080006b5   Thumb Code    28  init.o(.text)
    __scatterload_rt2                        0x080006b5   Thumb Code     0  init.o(.text)
    __aeabi_llsl                             0x080006d9   Thumb Code    30  llshl.o(.text)
    _ll_shift_l                              0x080006d9   Thumb Code     0  llshl.o(.text)
    __aeabi_lasr                             0x080006f7   Thumb Code    36  llsshr.o(.text)
    _ll_sshift_r                             0x080006f7   Thumb Code     0  llsshr.o(.text)
    __decompress                             0x0800071b   Thumb Code     0  __dczerorl2.o(.text)
    __decompress1                            0x0800071b   Thumb Code    86  __dczerorl2.o(.text)
    AD7172Loop                               0x08000771   Thumb Code    60  my_ad7172.o(i.AD7172Loop)
    AD7172ParmInit                           0x080007e1   Thumb Code   188  my_ad7172.o(i.AD7172ParmInit)
    AD7172_Calib                             0x080008b5   Thumb Code   178  my_ad7172.o(i.AD7172_Calib)
    AD7172_DebugFunction                     0x080009b1   Thumb Code   100  my_ad7172.o(i.AD7172_DebugFunction)
    AD7172_GENMASK                           0x08000a89   Thumb Code    22  ad717x_frame.o(i.AD7172_GENMASK)
    AD717X_ComputeCRC8                       0x08000a9f   Thumb Code    54  ad717x_frame.o(i.AD717X_ComputeCRC8)
    AD717X_ComputeXOR8                       0x08000ad5   Thumb Code    22  ad717x_frame.o(i.AD717X_ComputeXOR8)
    AD717X_Configure_FilterOrder             0x08000aeb   Thumb Code    64  ad717x_frame.o(i.AD717X_Configure_FilterOrder)
    AD717X_GetReg                            0x08000b2d   Thumb Code    50  ad717x_frame.o(i.AD717X_GetReg)
    AD717X_Init                              0x08000b61   Thumb Code   346  ad717x_frame.o(i.AD717X_Init)
    AD717X_LoadRegsPtr                       0x08000cc1   Thumb Code   116  ad717x_frame.o(i.AD717X_LoadRegsPtr)
    AD717X_OnlyRead32                        0x08000d39   Thumb Code   184  ad717x_frame.o(i.AD717X_OnlyRead32)
    AD717X_ReadRegister                      0x08000df9   Thumb Code   252  ad717x_frame.o(i.AD717X_ReadRegister)
    AD717X_ReadRegs                          0x08000ef5   Thumb Code    94  ad717x_frame.o(i.AD717X_ReadRegs)
    AD717X_Reset                             0x08000f55   Thumb Code    24  ad717x_frame.o(i.AD717X_Reset)
    AD717X_UpdateCRCSetting                  0x08000f75   Thumb Code    44  ad717x_frame.o(i.AD717X_UpdateCRCSetting)
    AD717X_WriteRegister                     0x08000fa1   Thumb Code   110  ad717x_frame.o(i.AD717X_WriteRegister)
    BusFault_Handler                         0x0800100f   Thumb Code     2  stm32f1xx_it.o(i.BusFault_Handler)
    DebugMon_Handler                         0x08001011   Thumb Code     2  stm32f1xx_it.o(i.DebugMon_Handler)
    Error_Handler                            0x08001013   Thumb Code     4  main.o(i.Error_Handler)
    HAL_Delay                                0x08001019   Thumb Code    32  stm32f1xx_hal.o(i.HAL_Delay)
    HAL_GPIO_Init                            0x0800103d   Thumb Code   418  stm32f1xx_hal_gpio.o(i.HAL_GPIO_Init)
    HAL_GPIO_ReadPin                         0x080011fd   Thumb Code    10  stm32f1xx_hal_gpio.o(i.HAL_GPIO_ReadPin)
    HAL_GPIO_WritePin                        0x08001207   Thumb Code    10  stm32f1xx_hal_gpio.o(i.HAL_GPIO_WritePin)
    HAL_GetTick                              0x08001211   Thumb Code     6  stm32f1xx_hal.o(i.HAL_GetTick)
    HAL_IncTick                              0x0800121d   Thumb Code    12  stm32f1xx_hal.o(i.HAL_IncTick)
    HAL_Init                                 0x0800122d   Thumb Code    32  stm32f1xx_hal.o(i.HAL_Init)
    HAL_InitTick                             0x08001251   Thumb Code   100  stm32f1xx_hal_timebase_tim.o(i.HAL_InitTick)
    HAL_MspInit                              0x080012c5   Thumb Code    52  stm32f1xx_hal_msp.o(i.HAL_MspInit)
    HAL_NVIC_EnableIRQ                       0x08001301   Thumb Code    26  stm32f1xx_hal_cortex.o(i.HAL_NVIC_EnableIRQ)
    HAL_NVIC_SetPriority                     0x0800131d   Thumb Code    60  stm32f1xx_hal_cortex.o(i.HAL_NVIC_SetPriority)
    HAL_NVIC_SetPriorityGrouping             0x0800135d   Thumb Code    26  stm32f1xx_hal_cortex.o(i.HAL_NVIC_SetPriorityGrouping)
    HAL_RCC_ClockConfig                      0x08001381   Thumb Code   280  stm32f1xx_hal_rcc.o(i.HAL_RCC_ClockConfig)
    HAL_RCC_GetClockConfig                   0x080014ad   Thumb Code    54  stm32f1xx_hal_rcc.o(i.HAL_RCC_GetClockConfig)
    HAL_RCC_GetPCLK1Freq                     0x080014ed   Thumb Code    20  stm32f1xx_hal_rcc.o(i.HAL_RCC_GetPCLK1Freq)
    HAL_RCC_GetPCLK2Freq                     0x0800150d   Thumb Code    20  stm32f1xx_hal_rcc.o(i.HAL_RCC_GetPCLK2Freq)
    HAL_RCC_GetSysClockFreq                  0x0800152d   Thumb Code    58  stm32f1xx_hal_rcc.o(i.HAL_RCC_GetSysClockFreq)
    HAL_RCC_OscConfig                        0x08001579   Thumb Code   778  stm32f1xx_hal_rcc.o(i.HAL_RCC_OscConfig)
    HAL_SPI_Init                             0x08001899   Thumb Code   178  stm32f1xx_hal_spi.o(i.HAL_SPI_Init)
    HAL_SPI_MspInit                          0x0800194d   Thumb Code    98  spi.o(i.HAL_SPI_MspInit)
    HAL_SPI_Receive                          0x080019bd   Thumb Code   342  stm32f1xx_hal_spi.o(i.HAL_SPI_Receive)
    HAL_SPI_TransmitReceive                  0x08001b13   Thumb Code   494  stm32f1xx_hal_spi.o(i.HAL_SPI_TransmitReceive)
    HAL_TIMEx_BreakCallback                  0x08001d01   Thumb Code     2  stm32f1xx_hal_tim_ex.o(i.HAL_TIMEx_BreakCallback)
    HAL_TIMEx_CommutCallback                 0x08001d03   Thumb Code     2  stm32f1xx_hal_tim_ex.o(i.HAL_TIMEx_CommutCallback)
    HAL_TIMEx_MasterConfigSynchronization    0x08001d05   Thumb Code    86  stm32f1xx_hal_tim_ex.o(i.HAL_TIMEx_MasterConfigSynchronization)
    HAL_TIM_Base_Init                        0x08001d65   Thumb Code    90  stm32f1xx_hal_tim.o(i.HAL_TIM_Base_Init)
    HAL_TIM_Base_MspInit                     0x08001dc1   Thumb Code    50  tim.o(i.HAL_TIM_Base_MspInit)
    HAL_TIM_Base_Start_IT                    0x08001dfd   Thumb Code    70  stm32f1xx_hal_tim.o(i.HAL_TIM_Base_Start_IT)
    HAL_TIM_ConfigClockSource                0x08001e4d   Thumb Code   220  stm32f1xx_hal_tim.o(i.HAL_TIM_ConfigClockSource)
    HAL_TIM_IC_CaptureCallback               0x08001f29   Thumb Code     2  stm32f1xx_hal_tim.o(i.HAL_TIM_IC_CaptureCallback)
    HAL_TIM_IRQHandler                       0x08001f2b   Thumb Code   358  stm32f1xx_hal_tim.o(i.HAL_TIM_IRQHandler)
    HAL_TIM_OC_DelayElapsedCallback          0x08002091   Thumb Code     2  stm32f1xx_hal_tim.o(i.HAL_TIM_OC_DelayElapsedCallback)
    HAL_TIM_PWM_PulseFinishedCallback        0x08002093   Thumb Code     2  stm32f1xx_hal_tim.o(i.HAL_TIM_PWM_PulseFinishedCallback)
    HAL_TIM_PeriodElapsedCallback            0x08002095   Thumb Code    14  main.o(i.HAL_TIM_PeriodElapsedCallback)
    HAL_TIM_TriggerCallback                  0x080020a9   Thumb Code     2  stm32f1xx_hal_tim.o(i.HAL_TIM_TriggerCallback)
    HAL_UART_Init                            0x080020ab   Thumb Code   100  stm32f1xx_hal_uart.o(i.HAL_UART_Init)
    HAL_UART_MspInit                         0x08002111   Thumb Code   100  usart.o(i.HAL_UART_MspInit)
    HAL_UART_Transmit                        0x08002181   Thumb Code   154  stm32f1xx_hal_uart.o(i.HAL_UART_Transmit)
    HardFault_Handler                        0x0800221b   Thumb Code     2  stm32f1xx_it.o(i.HardFault_Handler)
    MX_GPIO_Init                             0x0800221d   Thumb Code   148  gpio.o(i.MX_GPIO_Init)
    MX_SPI1_Init                             0x080022bd   Thumb Code    64  spi.o(i.MX_SPI1_Init)
    MX_TIM1_Init                             0x08002305   Thumb Code    94  tim.o(i.MX_TIM1_Init)
    MX_USART1_UART_Init                      0x0800236d   Thumb Code    48  usart.o(i.MX_USART1_UART_Init)
    MemManage_Handler                        0x080023a5   Thumb Code     2  stm32f1xx_it.o(i.MemManage_Handler)
    NMI_Handler                              0x080023a7   Thumb Code     2  stm32f1xx_it.o(i.NMI_Handler)
    PendSV_Handler                           0x080023a9   Thumb Code     2  stm32f1xx_it.o(i.PendSV_Handler)
    SVC_Handler                              0x080024e1   Thumb Code     2  stm32f1xx_it.o(i.SVC_Handler)
    SetAD7172CsPin                           0x080024e5   Thumb Code    10  ad7172spi.o(i.SetAD7172CsPin)
    SysTick_Handler                          0x080024f5   Thumb Code     2  stm32f1xx_it.o(i.SysTick_Handler)
    SystemClock_Config                       0x080024f7   Thumb Code    94  main.o(i.SystemClock_Config)
    SystemInit                               0x08002555   Thumb Code     2  system_stm32f1xx.o(i.SystemInit)
    TIM1_UP_IRQHandler                       0x08002559   Thumb Code     6  stm32f1xx_it.o(i.TIM1_UP_IRQHandler)
    TIM3_IRQHandler                          0x08002565   Thumb Code     6  stm32f1xx_it.o(i.TIM3_IRQHandler)
    TIM_Base_SetConfig                       0x08002571   Thumb Code    84  stm32f1xx_hal_tim.o(i.TIM_Base_SetConfig)
    TIM_ETR_SetConfig                        0x080025cd   Thumb Code    20  stm32f1xx_hal_tim.o(i.TIM_ETR_SetConfig)
    UsageFault_Handler                       0x08002769   Thumb Code     2  stm32f1xx_it.o(i.UsageFault_Handler)
    __0printf                                0x0800276d   Thumb Code    22  printfa.o(i.__0printf)
    __1printf                                0x0800276d   Thumb Code     0  printfa.o(i.__0printf)
    __2printf                                0x0800276d   Thumb Code     0  printfa.o(i.__0printf)
    __c89printf                              0x0800276d   Thumb Code     0  printfa.o(i.__0printf)
    printf                                   0x0800276d   Thumb Code     0  printfa.o(i.__0printf)
    __scatterload_copy                       0x080027ad   Thumb Code    14  handlers.o(i.__scatterload_copy)
    __scatterload_null                       0x080027bb   Thumb Code     2  handlers.o(i.__scatterload_null)
    __scatterload_zeroinit                   0x080027bd   Thumb Code    14  handlers.o(i.__scatterload_zeroinit)
    ad717x_assign_setup                      0x08003057   Thumb Code    84  ad717x_frame.o(i.ad717x_assign_setup)
    ad717x_configure_device_odr              0x080030ab   Thumb Code    60  ad717x_frame.o(i.ad717x_configure_device_odr)
    ad717x_connect_analog_input              0x080030e7   Thumb Code   180  ad717x_frame.o(i.ad717x_connect_analog_input)
    ad717x_enable_input_buffer               0x0800319b   Thumb Code    88  ad717x_frame.o(i.ad717x_enable_input_buffer)
    ad717x_set_adc_mode                      0x080031f3   Thumb Code    70  ad717x_frame.o(i.ad717x_set_adc_mode)
    ad717x_set_channel_status                0x08003239   Thumb Code    70  ad717x_frame.o(i.ad717x_set_channel_status)
    ad717x_set_data_state                    0x0800327f   Thumb Code    54  ad717x_frame.o(i.ad717x_set_data_state)
    ad717x_set_polarity                      0x080032b5   Thumb Code    70  ad717x_frame.o(i.ad717x_set_polarity)
    ad717x_set_reference_source              0x080032fb   Thumb Code   118  ad717x_frame.o(i.ad717x_set_reference_source)
    fputc                                    0x08003371   Thumb Code    26  main.o(i.fputc)
    main                                     0x08003391   Thumb Code    76  main.o(i.main)
    spi_miso_input                           0x080033e5   Thumb Code     8  ad7172spi.o(i.spi_miso_input)
    stm32_spi_receive                        0x080033f1   Thumb Code    58  ad7172spi.o(i.stm32_spi_receive)
    stm32_spi_transfer                       0x08003435   Thumb Code    78  ad7172spi.o(i.stm32_spi_transfer)
    stm32_spi_write_and_read                 0x08003489   Thumb Code    42  ad7172spi.o(i.stm32_spi_write_and_read)
    AHBPrescTable                            0x080034ca   Data          16  system_stm32f1xx.o(.constdata)
    APBPrescTable                            0x080034da   Data           8  system_stm32f1xx.o(.constdata)
    Region$$Table$$Base                      0x08003560   Number         0  anon$$obj.o(Region$$Table)
    Region$$Table$$Limit                     0x08003580   Number         0  anon$$obj.o(Region$$Table)
    uwTickFreq                               0x20000000   Data           1  stm32f1xx_hal.o(.data)
    uwTickPrio                               0x20000004   Data           4  stm32f1xx_hal.o(.data)
    uwTick                                   0x20000008   Data           4  stm32f1xx_hal.o(.data)
    SystemCoreClock                          0x2000000c   Data           4  system_stm32f1xx.o(.data)
    ID_preg                                  0x20000010   Data           4  ad717x_frame.o(.data)
    CH_map0_preg                             0x20000014   Data           4  ad717x_frame.o(.data)
    CH_map1_preg                             0x20000018   Data           4  ad717x_frame.o(.data)
    CH_map2_preg                             0x2000001c   Data           4  ad717x_frame.o(.data)
    CH_map3_Preg                             0x20000020   Data           4  ad717x_frame.o(.data)
    ADCMODE_preg                             0x20000024   Data           4  ad717x_frame.o(.data)
    IFMODE_preg                              0x20000028   Data           4  ad717x_frame.o(.data)
    SETUPCON0_preg                           0x2000002c   Data           4  ad717x_frame.o(.data)
    FILTCON0_preg                            0x20000030   Data           4  ad717x_frame.o(.data)
    OFFSET0_preg                             0x20000034   Data           4  ad717x_frame.o(.data)
    GAIN0_preg                               0x20000038   Data           4  ad717x_frame.o(.data)
    ad7172_2_regs                            0x2000003c   Data         324  my_ad7172.o(.data)
    __stdout                                 0x20000180   Data           4  stdout.o(.data)
    hspi1                                    0x20000184   Data          88  spi.o(.bss)
    htim1                                    0x200001dc   Data          72  tim.o(.bss)
    huart1                                   0x20000224   Data          72  usart.o(.bss)
    htim3                                    0x2000026c   Data          72  stm32f1xx_hal_timebase_tim.o(.bss)
    convertedVal                             0x200002b8   Data          32  ad717x_frame.o(.bss)
    gAd7172                                  0x200002d8   Data         220  my_ad7172.o(.bss)
    __initial_sp                             0x200007b8   Data           0  startup_stm32f103x6.o(STACK)



==============================================================================

Memory Map of the image

  Image Entry point : 0x080000ed

  Load Region LR_IROM1 (Base: 0x08000000, Size: 0x00003704, Max: 0x00008000, ABSOLUTE, COMPRESSED[0x000035ec])

    Execution Region ER_IROM1 (Exec base: 0x08000000, Load base: 0x08000000, Size: 0x00003580, Max: 0x00008000, ABSOLUTE)

    Exec Addr    Load Addr    Size         Type   Attr      Idx    E Section Name        Object

    0x08000000   0x08000000   0x000000ec   Data   RO            3    RESET               startup_stm32f103x6.o
    0x080000ec   0x080000ec   0x00000000   Code   RO         3530  * .ARM.Collect$$$$00000000  mc_w.l(entry.o)
    0x080000ec   0x080000ec   0x00000004   Code   RO         3810    .ARM.Collect$$$$00000001  mc_w.l(entry2.o)
    0x080000f0   0x080000f0   0x00000004   Code   RO         3813    .ARM.Collect$$$$00000004  mc_w.l(entry5.o)
    0x080000f4   0x080000f4   0x00000000   Code   RO         3815    .ARM.Collect$$$$00000008  mc_w.l(entry7b.o)
    0x080000f4   0x080000f4   0x00000000   Code   RO         3817    .ARM.Collect$$$$0000000A  mc_w.l(entry8b.o)
    0x080000f4   0x080000f4   0x00000008   Code   RO         3818    .ARM.Collect$$$$0000000B  mc_w.l(entry9a.o)
    0x080000fc   0x080000fc   0x00000004   Code   RO         3825    .ARM.Collect$$$$0000000E  mc_w.l(entry12b.o)
    0x08000100   0x08000100   0x00000000   Code   RO         3820    .ARM.Collect$$$$0000000F  mc_w.l(entry10a.o)
    0x08000100   0x08000100   0x00000000   Code   RO         3822    .ARM.Collect$$$$00000011  mc_w.l(entry11a.o)
    0x08000100   0x08000100   0x00000004   Code   RO         3811    .ARM.Collect$$$$00002712  mc_w.l(entry2.o)
    0x08000104   0x08000104   0x00000024   Code   RO            4    .text               startup_stm32f103x6.o
    0x08000128   0x08000128   0x00000020   Code   RO         3533    .text               mc_w.l(llushr.o)
    0x08000148   0x08000148   0x00000024   Code   RO         3535    .text               mc_w.l(memcpya.o)
    0x0800016c   0x0800016c   0x00000024   Code   RO         3537    .text               mc_w.l(memseta.o)
    0x08000190   0x08000190   0x000000e4   Code   RO         3802    .text               mf_w.l(dmul.o)
    0x08000274   0x08000274   0x0000002e   Code   RO         3804    .text               mf_w.l(dscalb.o)
    0x080002a2   0x080002a2   0x00000022   Code   RO         3806    .text               mf_w.l(dflti.o)
    0x080002c4   0x080002c4   0x0000001a   Code   RO         3808    .text               mf_w.l(dfltui.o)
    0x080002de   0x080002de   0x0000002c   Code   RO         3827    .text               mc_w.l(uidiv.o)
    0x0800030a   0x0800030a   0x00000062   Code   RO         3829    .text               mc_w.l(uldiv.o)
    0x0800036c   0x0800036c   0x00000000   Code   RO         3831    .text               mc_w.l(iusefp.o)
    0x0800036c   0x0800036c   0x000000ba   Code   RO         3832    .text               mf_w.l(depilogue.o)
    0x08000426   0x08000426   0x0000014e   Code   RO         3834    .text               mf_w.l(dadd.o)
    0x08000574   0x08000574   0x000000de   Code   RO         3836    .text               mf_w.l(ddiv.o)
    0x08000652   0x08000652   0x00000030   Code   RO         3838    .text               mf_w.l(dfixul.o)
    0x08000682   0x08000682   0x00000002   PAD
    0x08000684   0x08000684   0x00000030   Code   RO         3840    .text               mf_w.l(cdrcmple.o)
    0x080006b4   0x080006b4   0x00000024   Code   RO         3842    .text               mc_w.l(init.o)
    0x080006d8   0x080006d8   0x0000001e   Code   RO         3844    .text               mc_w.l(llshl.o)
    0x080006f6   0x080006f6   0x00000024   Code   RO         3846    .text               mc_w.l(llsshr.o)
    0x0800071a   0x0800071a   0x00000056   Code   RO         3856    .text               mc_w.l(__dczerorl2.o)
    0x08000770   0x08000770   0x00000070   Code   RO         3463    i.AD7172Loop        my_ad7172.o
    0x080007e0   0x080007e0   0x000000d4   Code   RO         3464    i.AD7172ParmInit    my_ad7172.o
    0x080008b4   0x080008b4   0x000000fc   Code   RO         3465    i.AD7172_Calib      my_ad7172.o
    0x080009b0   0x080009b0   0x000000d8   Code   RO         3466    i.AD7172_DebugFunction  my_ad7172.o
    0x08000a88   0x08000a88   0x00000016   Code   RO         3192    i.AD7172_GENMASK    ad717x_frame.o
    0x08000a9e   0x08000a9e   0x00000036   Code   RO         3193    i.AD717X_ComputeCRC8  ad717x_frame.o
    0x08000ad4   0x08000ad4   0x00000016   Code   RO         3195    i.AD717X_ComputeXOR8  ad717x_frame.o
    0x08000aea   0x08000aea   0x00000040   Code   RO         3196    i.AD717X_Configure_FilterOrder  ad717x_frame.o
    0x08000b2a   0x08000b2a   0x00000002   PAD
    0x08000b2c   0x08000b2c   0x00000032   Code   RO         3198    i.AD717X_GetReg     ad717x_frame.o
    0x08000b5e   0x08000b5e   0x00000002   PAD
    0x08000b60   0x08000b60   0x00000160   Code   RO         3199    i.AD717X_Init       ad717x_frame.o
    0x08000cc0   0x08000cc0   0x00000078   Code   RO         3200    i.AD717X_LoadRegsPtr  ad717x_frame.o
    0x08000d38   0x08000d38   0x000000c0   Code   RO         3201    i.AD717X_OnlyRead32  ad717x_frame.o
    0x08000df8   0x08000df8   0x000000fc   Code   RO         3203    i.AD717X_ReadRegister  ad717x_frame.o
    0x08000ef4   0x08000ef4   0x0000005e   Code   RO         3204    i.AD717X_ReadRegs   ad717x_frame.o
    0x08000f52   0x08000f52   0x00000002   PAD
    0x08000f54   0x08000f54   0x00000020   Code   RO         3205    i.AD717X_Reset      ad717x_frame.o
    0x08000f74   0x08000f74   0x0000002c   Code   RO         3206    i.AD717X_UpdateCRCSetting  ad717x_frame.o
    0x08000fa0   0x08000fa0   0x0000006e   Code   RO         3208    i.AD717X_WriteRegister  ad717x_frame.o
    0x0800100e   0x0800100e   0x00000002   Code   RO          342    i.BusFault_Handler  stm32f1xx_it.o
    0x08001010   0x08001010   0x00000002   Code   RO          343    i.DebugMon_Handler  stm32f1xx_it.o
    0x08001012   0x08001012   0x00000004   Code   RO           13    i.Error_Handler     main.o
    0x08001016   0x08001016   0x00000002   PAD
    0x08001018   0x08001018   0x00000024   Code   RO          858    i.HAL_Delay         stm32f1xx_hal.o
    0x0800103c   0x0800103c   0x000001c0   Code   RO         1168    i.HAL_GPIO_Init     stm32f1xx_hal_gpio.o
    0x080011fc   0x080011fc   0x0000000a   Code   RO         1170    i.HAL_GPIO_ReadPin  stm32f1xx_hal_gpio.o
    0x08001206   0x08001206   0x0000000a   Code   RO         1172    i.HAL_GPIO_WritePin  stm32f1xx_hal_gpio.o
    0x08001210   0x08001210   0x0000000c   Code   RO          862    i.HAL_GetTick       stm32f1xx_hal.o
    0x0800121c   0x0800121c   0x00000010   Code   RO          868    i.HAL_IncTick       stm32f1xx_hal.o
    0x0800122c   0x0800122c   0x00000024   Code   RO          869    i.HAL_Init          stm32f1xx_hal.o
    0x08001250   0x08001250   0x00000074   Code   RO          454    i.HAL_InitTick      stm32f1xx_hal_timebase_tim.o
    0x080012c4   0x080012c4   0x0000003c   Code   RO          430    i.HAL_MspInit       stm32f1xx_hal_msp.o
    0x08001300   0x08001300   0x0000001a   Code   RO         1328    i.HAL_NVIC_EnableIRQ  stm32f1xx_hal_cortex.o
    0x0800131a   0x0800131a   0x00000002   PAD
    0x0800131c   0x0800131c   0x00000040   Code   RO         1334    i.HAL_NVIC_SetPriority  stm32f1xx_hal_cortex.o
    0x0800135c   0x0800135c   0x00000024   Code   RO         1335    i.HAL_NVIC_SetPriorityGrouping  stm32f1xx_hal_cortex.o
    0x08001380   0x08001380   0x0000012c   Code   RO         1026    i.HAL_RCC_ClockConfig  stm32f1xx_hal_rcc.o
    0x080014ac   0x080014ac   0x00000040   Code   RO         1030    i.HAL_RCC_GetClockConfig  stm32f1xx_hal_rcc.o
    0x080014ec   0x080014ec   0x00000020   Code   RO         1033    i.HAL_RCC_GetPCLK1Freq  stm32f1xx_hal_rcc.o
    0x0800150c   0x0800150c   0x00000020   Code   RO         1034    i.HAL_RCC_GetPCLK2Freq  stm32f1xx_hal_rcc.o
    0x0800152c   0x0800152c   0x0000004c   Code   RO         1035    i.HAL_RCC_GetSysClockFreq  stm32f1xx_hal_rcc.o
    0x08001578   0x08001578   0x00000320   Code   RO         1038    i.HAL_RCC_OscConfig  stm32f1xx_hal_rcc.o
    0x08001898   0x08001898   0x000000b2   Code   RO          540    i.HAL_SPI_Init      stm32f1xx_hal_spi.o
    0x0800194a   0x0800194a   0x00000002   PAD
    0x0800194c   0x0800194c   0x00000070   Code   RO          217    i.HAL_SPI_MspInit   spi.o
    0x080019bc   0x080019bc   0x00000156   Code   RO          543    i.HAL_SPI_Receive   stm32f1xx_hal_spi.o
    0x08001b12   0x08001b12   0x000001ee   Code   RO          549    i.HAL_SPI_TransmitReceive  stm32f1xx_hal_spi.o
    0x08001d00   0x08001d00   0x00000002   Code   RO         2524    i.HAL_TIMEx_BreakCallback  stm32f1xx_hal_tim_ex.o
    0x08001d02   0x08001d02   0x00000002   Code   RO         2525    i.HAL_TIMEx_CommutCallback  stm32f1xx_hal_tim_ex.o
    0x08001d04   0x08001d04   0x00000060   Code   RO         2543    i.HAL_TIMEx_MasterConfigSynchronization  stm32f1xx_hal_tim_ex.o
    0x08001d64   0x08001d64   0x0000005a   Code   RO         1820    i.HAL_TIM_Base_Init  stm32f1xx_hal_tim.o
    0x08001dbe   0x08001dbe   0x00000002   PAD
    0x08001dc0   0x08001dc0   0x0000003c   Code   RO          259    i.HAL_TIM_Base_MspInit  tim.o
    0x08001dfc   0x08001dfc   0x00000050   Code   RO         1825    i.HAL_TIM_Base_Start_IT  stm32f1xx_hal_tim.o
    0x08001e4c   0x08001e4c   0x000000dc   Code   RO         1829    i.HAL_TIM_ConfigClockSource  stm32f1xx_hal_tim.o
    0x08001f28   0x08001f28   0x00000002   Code   RO         1854    i.HAL_TIM_IC_CaptureCallback  stm32f1xx_hal_tim.o
    0x08001f2a   0x08001f2a   0x00000166   Code   RO         1868    i.HAL_TIM_IRQHandler  stm32f1xx_hal_tim.o
    0x08002090   0x08002090   0x00000002   Code   RO         1871    i.HAL_TIM_OC_DelayElapsedCallback  stm32f1xx_hal_tim.o
    0x08002092   0x08002092   0x00000002   Code   RO         1898    i.HAL_TIM_PWM_PulseFinishedCallback  stm32f1xx_hal_tim.o
    0x08002094   0x08002094   0x00000014   Code   RO           14    i.HAL_TIM_PeriodElapsedCallback  main.o
    0x080020a8   0x080020a8   0x00000002   Code   RO         1911    i.HAL_TIM_TriggerCallback  stm32f1xx_hal_tim.o
    0x080020aa   0x080020aa   0x00000064   Code   RO         2821    i.HAL_UART_Init     stm32f1xx_hal_uart.o
    0x0800210e   0x0800210e   0x00000002   PAD
    0x08002110   0x08002110   0x00000070   Code   RO          301    i.HAL_UART_MspInit  usart.o
    0x08002180   0x08002180   0x0000009a   Code   RO         2829    i.HAL_UART_Transmit  stm32f1xx_hal_uart.o
    0x0800221a   0x0800221a   0x00000002   Code   RO          344    i.HardFault_Handler  stm32f1xx_it.o
    0x0800221c   0x0800221c   0x000000a0   Code   RO          192    i.MX_GPIO_Init      gpio.o
    0x080022bc   0x080022bc   0x00000048   Code   RO          218    i.MX_SPI1_Init      spi.o
    0x08002304   0x08002304   0x00000068   Code   RO          260    i.MX_TIM1_Init      tim.o
    0x0800236c   0x0800236c   0x00000038   Code   RO          302    i.MX_USART1_UART_Init  usart.o
    0x080023a4   0x080023a4   0x00000002   Code   RO          345    i.MemManage_Handler  stm32f1xx_it.o
    0x080023a6   0x080023a6   0x00000002   Code   RO          346    i.NMI_Handler       stm32f1xx_it.o
    0x080023a8   0x080023a8   0x00000002   Code   RO          347    i.PendSV_Handler    stm32f1xx_it.o
    0x080023aa   0x080023aa   0x0000005c   Code   RO          577    i.SPI_EndRxTransaction  stm32f1xx_hal_spi.o
    0x08002406   0x08002406   0x00000020   Code   RO          578    i.SPI_EndRxTxTransaction  stm32f1xx_hal_spi.o
    0x08002426   0x08002426   0x00000002   PAD
    0x08002428   0x08002428   0x000000b8   Code   RO          583    i.SPI_WaitFlagStateUntilTimeout  stm32f1xx_hal_spi.o
    0x080024e0   0x080024e0   0x00000002   Code   RO          348    i.SVC_Handler       stm32f1xx_it.o
    0x080024e2   0x080024e2   0x00000002   PAD
    0x080024e4   0x080024e4   0x00000010   Code   RO         3393    i.SetAD7172CsPin    ad7172spi.o
    0x080024f4   0x080024f4   0x00000002   Code   RO          349    i.SysTick_Handler   stm32f1xx_it.o
    0x080024f6   0x080024f6   0x0000005e   Code   RO           15    i.SystemClock_Config  main.o
    0x08002554   0x08002554   0x00000002   Code   RO         3155    i.SystemInit        system_stm32f1xx.o
    0x08002556   0x08002556   0x00000002   PAD
    0x08002558   0x08002558   0x0000000c   Code   RO          350    i.TIM1_UP_IRQHandler  stm32f1xx_it.o
    0x08002564   0x08002564   0x0000000c   Code   RO          351    i.TIM3_IRQHandler   stm32f1xx_it.o
    0x08002570   0x08002570   0x0000005c   Code   RO         1913    i.TIM_Base_SetConfig  stm32f1xx_hal_tim.o
    0x080025cc   0x080025cc   0x00000014   Code   RO         1924    i.TIM_ETR_SetConfig  stm32f1xx_hal_tim.o
    0x080025e0   0x080025e0   0x00000010   Code   RO         1925    i.TIM_ITRx_SetConfig  stm32f1xx_hal_tim.o
    0x080025f0   0x080025f0   0x00000022   Code   RO         1931    i.TIM_TI1_ConfigInputStage  stm32f1xx_hal_tim.o
    0x08002612   0x08002612   0x00000024   Code   RO         1933    i.TIM_TI2_ConfigInputStage  stm32f1xx_hal_tim.o
    0x08002636   0x08002636   0x00000002   PAD
    0x08002638   0x08002638   0x000000b8   Code   RO         2847    i.UART_SetConfig    stm32f1xx_hal_uart.o
    0x080026f0   0x080026f0   0x00000078   Code   RO         2850    i.UART_WaitOnFlagUntilTimeout  stm32f1xx_hal_uart.o
    0x08002768   0x08002768   0x00000002   Code   RO          352    i.UsageFault_Handler  stm32f1xx_it.o
    0x0800276a   0x0800276a   0x00000002   PAD
    0x0800276c   0x0800276c   0x00000020   Code   RO         3774    i.__0printf         mc_w.l(printfa.o)
    0x0800278c   0x0800278c   0x00000020   Code   RO         1341    i.__NVIC_SetPriority  stm32f1xx_hal_cortex.o
    0x080027ac   0x080027ac   0x0000000e   Code   RO         3850    i.__scatterload_copy  mc_w.l(handlers.o)
    0x080027ba   0x080027ba   0x00000002   Code   RO         3851    i.__scatterload_null  mc_w.l(handlers.o)
    0x080027bc   0x080027bc   0x0000000e   Code   RO         3852    i.__scatterload_zeroinit  mc_w.l(handlers.o)
    0x080027ca   0x080027ca   0x00000002   PAD
    0x080027cc   0x080027cc   0x00000184   Code   RO         3781    i._fp_digits        mc_w.l(printfa.o)
    0x08002950   0x08002950   0x000006b4   Code   RO         3782    i._printf_core      mc_w.l(printfa.o)
    0x08003004   0x08003004   0x00000024   Code   RO         3783    i._printf_post_padding  mc_w.l(printfa.o)
    0x08003028   0x08003028   0x0000002e   Code   RO         3784    i._printf_pre_padding  mc_w.l(printfa.o)
    0x08003056   0x08003056   0x00000054   Code   RO         3210    i.ad717x_assign_setup  ad717x_frame.o
    0x080030aa   0x080030aa   0x0000003c   Code   RO         3211    i.ad717x_configure_device_odr  ad717x_frame.o
    0x080030e6   0x080030e6   0x000000b4   Code   RO         3212    i.ad717x_connect_analog_input  ad717x_frame.o
    0x0800319a   0x0800319a   0x00000058   Code   RO         3213    i.ad717x_enable_input_buffer  ad717x_frame.o
    0x080031f2   0x080031f2   0x00000046   Code   RO         3214    i.ad717x_set_adc_mode  ad717x_frame.o
    0x08003238   0x08003238   0x00000046   Code   RO         3215    i.ad717x_set_channel_status  ad717x_frame.o
    0x0800327e   0x0800327e   0x00000036   Code   RO         3216    i.ad717x_set_data_state  ad717x_frame.o
    0x080032b4   0x080032b4   0x00000046   Code   RO         3217    i.ad717x_set_polarity  ad717x_frame.o
    0x080032fa   0x080032fa   0x00000076   Code   RO         3218    i.ad717x_set_reference_source  ad717x_frame.o
    0x08003370   0x08003370   0x00000020   Code   RO           17    i.fputc             main.o
    0x08003390   0x08003390   0x00000054   Code   RO           18    i.main              main.o
    0x080033e4   0x080033e4   0x0000000c   Code   RO         3397    i.spi_miso_input    ad7172spi.o
    0x080033f0   0x080033f0   0x00000044   Code   RO         3398    i.stm32_spi_receive  ad7172spi.o
    0x08003434   0x08003434   0x00000054   Code   RO         3399    i.stm32_spi_transfer  ad7172spi.o
    0x08003488   0x08003488   0x00000030   Code   RO         3400    i.stm32_spi_write_and_read  ad7172spi.o
    0x080034b8   0x080034b8   0x00000012   Data   RO         1039    .constdata          stm32f1xx_hal_rcc.o
    0x080034ca   0x080034ca   0x00000010   Data   RO         3156    .constdata          system_stm32f1xx.o
    0x080034da   0x080034da   0x00000008   Data   RO         3157    .constdata          system_stm32f1xx.o
    0x080034e2   0x080034e2   0x00000002   PAD
    0x080034e4   0x080034e4   0x00000038   Data   RO         3401    .constdata          ad7172spi.o
    0x0800351c   0x0800351c   0x00000041   Data   RO         3470    .conststring        my_ad7172.o
    0x0800355d   0x0800355d   0x00000003   PAD
    0x08003560   0x08003560   0x00000020   Data   RO         3848    Region$$Table       anon$$obj.o


    Execution Region RW_IRAM1 (Exec base: 0x20000000, Load base: 0x08003580, Size: 0x000007b8, Max: 0x00002800, ABSOLUTE, COMPRESSED[0x0000006c])

    Exec Addr    Load Addr    Size         Type   Attr      Idx    E Section Name        Object

    0x20000000   COMPRESSED   0x0000000c   Data   RW          876    .data               stm32f1xx_hal.o
    0x2000000c   COMPRESSED   0x00000004   Data   RW         3158    .data               system_stm32f1xx.o
    0x20000010   COMPRESSED   0x0000002c   Data   RW         3221    .data               ad717x_frame.o
    0x2000003c   COMPRESSED   0x00000144   Data   RW         3471    .data               my_ad7172.o
    0x20000180   COMPRESSED   0x00000004   Data   RW         3826    .data               mc_w.l(stdout.o)
    0x20000184        -       0x00000058   Zero   RW          219    .bss                spi.o
    0x200001dc        -       0x00000048   Zero   RW          261    .bss                tim.o
    0x20000224        -       0x00000048   Zero   RW          303    .bss                usart.o
    0x2000026c        -       0x00000048   Zero   RW          457    .bss                stm32f1xx_hal_timebase_tim.o
    0x200002b4   COMPRESSED   0x00000004   PAD
    0x200002b8        -       0x00000020   Zero   RW         3220    .bss                ad717x_frame.o
    0x200002d8        -       0x000000dc   Zero   RW         3469    .bss                my_ad7172.o
    0x200003b4   COMPRESSED   0x00000004   PAD
    0x200003b8        -       0x00000400   Zero   RW            1    STACK               startup_stm32f103x6.o


==============================================================================

Image component sizes


      Code (inc. data)   RO Data    RW Data    ZI Data      Debug   Object Name

       228         32         56          0          0       4018   ad7172spi.o
      2202         38          0         44         32      16947   ad717x_frame.o
       160         12          0          0          0        867   gpio.o
       234         20          0          0          0     436424   main.o
       792        266         65        324        220       3044   my_ad7172.o
       184         22          0          0         88       1501   spi.o
        36          8        236          0       1024        772   startup_stm32f103x6.o
       100         18          0         12          0       4690   stm32f1xx_hal.o
       158         14          0          0          0      28038   stm32f1xx_hal_cortex.o
       468         30          0          0          0       3391   stm32f1xx_hal_gpio.o
        60          8          0          0          0        786   stm32f1xx_hal_msp.o
      1304         94         18          0          0       5541   stm32f1xx_hal_rcc.o
      1322          4          0          0          0       6503   stm32f1xx_hal_spi.o
       954         18          0          0          0       9341   stm32f1xx_hal_tim.o
       100         10          0          0          0       2289   stm32f1xx_hal_tim_ex.o
       116         16          0          0         72       1307   stm32f1xx_hal_timebase_tim.o
       558          6          0          0          0       3832   stm32f1xx_hal_uart.o
        42         12          0          0          0       4321   stm32f1xx_it.o
         2          0         24          4          0       1003   system_stm32f1xx.o
       164         20          0          0         72       1506   tim.o
       168         20          0          0         72       1526   usart.o

    ----------------------------------------------------------------------
      9378        668        436        384       1588     537647   Object Totals
         0          0         32          0          0          0   (incl. Generated)
        26          0          5          0          8          0   (incl. Padding)

    ----------------------------------------------------------------------

      Code (inc. data)   RO Data    RW Data    ZI Data      Debug   Library Member Name

        86          0          0          0          0          0   __dczerorl2.o
         0          0          0          0          0          0   entry.o
         0          0          0          0          0          0   entry10a.o
         0          0          0          0          0          0   entry11a.o
         4          0          0          0          0          0   entry12b.o
         8          4          0          0          0          0   entry2.o
         4          0          0          0          0          0   entry5.o
         0          0          0          0          0          0   entry7b.o
         0          0          0          0          0          0   entry8b.o
         8          4          0          0          0          0   entry9a.o
        30          0          0          0          0          0   handlers.o
        36          8          0          0          0         68   init.o
         0          0          0          0          0          0   iusefp.o
        30          0          0          0          0         68   llshl.o
        36          0          0          0          0         68   llsshr.o
        32          0          0          0          0         68   llushr.o
        36          0          0          0          0         68   memcpya.o
        36          0          0          0          0        108   memseta.o
      2218         90          0          0          0        464   printfa.o
         0          0          0          4          0          0   stdout.o
        44          0          0          0          0         80   uidiv.o
        98          0          0          0          0         92   uldiv.o
        48          0          0          0          0         68   cdrcmple.o
       334          0          0          0          0        148   dadd.o
       222          0          0          0          0        100   ddiv.o
       186          0          0          0          0        176   depilogue.o
        48          0          0          0          0         68   dfixul.o
        34          0          0          0          0         76   dflti.o
        26          0          0          0          0         76   dfltui.o
       228          0          0          0          0         96   dmul.o
        46          0          0          0          0         80   dscalb.o

    ----------------------------------------------------------------------
      3882        106          0          4          0       1972   Library Totals
         4          0          0          0          0          0   (incl. Padding)

    ----------------------------------------------------------------------

      Code (inc. data)   RO Data    RW Data    ZI Data      Debug   Library Name

      2706        106          0          4          0       1084   mc_w.l
      1172          0          0          0          0        888   mf_w.l

    ----------------------------------------------------------------------
      3882        106          0          4          0       1972   Library Totals

    ----------------------------------------------------------------------

==============================================================================


      Code (inc. data)   RO Data    RW Data    ZI Data      Debug   

     13260        774        436        388       1588     533819   Grand Totals
     13260        774        436        108       1588     533819   ELF Image Totals (compressed)
     13260        774        436        108          0          0   ROM Totals

==============================================================================

    Total RO  Size (Code + RO Data)                13696 (  13.38kB)
    Total RW  Size (RW Data + ZI Data)              1976 (   1.93kB)
    Total ROM Size (Code + RO Data + RW Data)      13804 (  13.48kB)

==============================================================================

